Archive member included to satisfy reference by file (symbol)

/opt/st/stm32cubeide_1.1.0/plugins/com.st.stm32cube.ide.mcu.externaltools.gnu-tools-for-stm32.7-2018-q2-update.linux64_1.0.0.201904181610/tools/bin/../lib/gcc/arm-none-eabi/7.3.1/../../../../arm-none-eabi/lib/thumb/v7e-m/fpv4-sp/hard/libc_nano.a(lib_a-errno.o)
                              Core/Src/syscalls.o (__errno)
/opt/st/stm32cubeide_1.1.0/plugins/com.st.stm32cube.ide.mcu.externaltools.gnu-tools-for-stm32.7-2018-q2-update.linux64_1.0.0.201904181610/tools/bin/../lib/gcc/arm-none-eabi/7.3.1/../../../../arm-none-eabi/lib/thumb/v7e-m/fpv4-sp/hard/libc_nano.a(lib_a-exit.o)
                              /opt/st/stm32cubeide_1.1.0/plugins/com.st.stm32cube.ide.mcu.externaltools.gnu-tools-for-stm32.7-2018-q2-update.linux64_1.0.0.201904181610/tools/bin/../lib/gcc/arm-none-eabi/7.3.1/../../../../arm-none-eabi/lib/thumb/v7e-m/fpv4-sp/hard/crt0.o (exit)
/opt/st/stm32cubeide_1.1.0/plugins/com.st.stm32cube.ide.mcu.externaltools.gnu-tools-for-stm32.7-2018-q2-update.linux64_1.0.0.201904181610/tools/bin/../lib/gcc/arm-none-eabi/7.3.1/../../../../arm-none-eabi/lib/thumb/v7e-m/fpv4-sp/hard/libc_nano.a(lib_a-impure.o)
                              /opt/st/stm32cubeide_1.1.0/plugins/com.st.stm32cube.ide.mcu.externaltools.gnu-tools-for-stm32.7-2018-q2-update.linux64_1.0.0.201904181610/tools/bin/../lib/gcc/arm-none-eabi/7.3.1/../../../../arm-none-eabi/lib/thumb/v7e-m/fpv4-sp/hard/libc_nano.a(lib_a-exit.o) (_global_impure_ptr)
/opt/st/stm32cubeide_1.1.0/plugins/com.st.stm32cube.ide.mcu.externaltools.gnu-tools-for-stm32.7-2018-q2-update.linux64_1.0.0.201904181610/tools/bin/../lib/gcc/arm-none-eabi/7.3.1/../../../../arm-none-eabi/lib/thumb/v7e-m/fpv4-sp/hard/libc_nano.a(lib_a-init.o)
                              /opt/st/stm32cubeide_1.1.0/plugins/com.st.stm32cube.ide.mcu.externaltools.gnu-tools-for-stm32.7-2018-q2-update.linux64_1.0.0.201904181610/tools/bin/../lib/gcc/arm-none-eabi/7.3.1/../../../../arm-none-eabi/lib/thumb/v7e-m/fpv4-sp/hard/crt0.o (__libc_init_array)
/opt/st/stm32cubeide_1.1.0/plugins/com.st.stm32cube.ide.mcu.externaltools.gnu-tools-for-stm32.7-2018-q2-update.linux64_1.0.0.201904181610/tools/bin/../lib/gcc/arm-none-eabi/7.3.1/../../../../arm-none-eabi/lib/thumb/v7e-m/fpv4-sp/hard/libc_nano.a(lib_a-memset.o)
                              /opt/st/stm32cubeide_1.1.0/plugins/com.st.stm32cube.ide.mcu.externaltools.gnu-tools-for-stm32.7-2018-q2-update.linux64_1.0.0.201904181610/tools/bin/../lib/gcc/arm-none-eabi/7.3.1/../../../../arm-none-eabi/lib/thumb/v7e-m/fpv4-sp/hard/crt0.o (memset)

Discarded input sections

 .text          0x0000000000000000        0x0 /opt/st/stm32cubeide_1.1.0/plugins/com.st.stm32cube.ide.mcu.externaltools.gnu-tools-for-stm32.7-2018-q2-update.linux64_1.0.0.201904181610/tools/bin/../lib/gcc/arm-none-eabi/7.3.1/thumb/v7e-m/fpv4-sp/hard/crti.o
 .data          0x0000000000000000        0x0 /opt/st/stm32cubeide_1.1.0/plugins/com.st.stm32cube.ide.mcu.externaltools.gnu-tools-for-stm32.7-2018-q2-update.linux64_1.0.0.201904181610/tools/bin/../lib/gcc/arm-none-eabi/7.3.1/thumb/v7e-m/fpv4-sp/hard/crti.o
 .bss           0x0000000000000000        0x0 /opt/st/stm32cubeide_1.1.0/plugins/com.st.stm32cube.ide.mcu.externaltools.gnu-tools-for-stm32.7-2018-q2-update.linux64_1.0.0.201904181610/tools/bin/../lib/gcc/arm-none-eabi/7.3.1/thumb/v7e-m/fpv4-sp/hard/crti.o
 .data          0x0000000000000000        0x4 /opt/st/stm32cubeide_1.1.0/plugins/com.st.stm32cube.ide.mcu.externaltools.gnu-tools-for-stm32.7-2018-q2-update.linux64_1.0.0.201904181610/tools/bin/../lib/gcc/arm-none-eabi/7.3.1/thumb/v7e-m/fpv4-sp/hard/crtbegin.o
 .text          0x0000000000000000       0x74 /opt/st/stm32cubeide_1.1.0/plugins/com.st.stm32cube.ide.mcu.externaltools.gnu-tools-for-stm32.7-2018-q2-update.linux64_1.0.0.201904181610/tools/bin/../lib/gcc/arm-none-eabi/7.3.1/../../../../arm-none-eabi/lib/thumb/v7e-m/fpv4-sp/hard/crt0.o
 .data          0x0000000000000000        0x0 /opt/st/stm32cubeide_1.1.0/plugins/com.st.stm32cube.ide.mcu.externaltools.gnu-tools-for-stm32.7-2018-q2-update.linux64_1.0.0.201904181610/tools/bin/../lib/gcc/arm-none-eabi/7.3.1/../../../../arm-none-eabi/lib/thumb/v7e-m/fpv4-sp/hard/crt0.o
 .bss           0x0000000000000000        0x0 /opt/st/stm32cubeide_1.1.0/plugins/com.st.stm32cube.ide.mcu.externaltools.gnu-tools-for-stm32.7-2018-q2-update.linux64_1.0.0.201904181610/tools/bin/../lib/gcc/arm-none-eabi/7.3.1/../../../../arm-none-eabi/lib/thumb/v7e-m/fpv4-sp/hard/crt0.o
 .ARM.extab     0x0000000000000000        0x0 /opt/st/stm32cubeide_1.1.0/plugins/com.st.stm32cube.ide.mcu.externaltools.gnu-tools-for-stm32.7-2018-q2-update.linux64_1.0.0.201904181610/tools/bin/../lib/gcc/arm-none-eabi/7.3.1/../../../../arm-none-eabi/lib/thumb/v7e-m/fpv4-sp/hard/crt0.o
[...]
Memory Configuration

Name             Origin             Length             Attributes
CCMRAM           0x0000000010000000 0x0000000000001000 xrw
RAM              0x0000000020000000 0x0000000000003000 xrw
FLASH            0x0000000008000000 0x0000000000010000 xr
*default*        0x0000000000000000 0xffffffffffffffff

Linker script and memory map

LOAD /opt/st/stm32cubeide_1.1.0/plugins/com.st.stm32cube.ide.mcu.externaltools.gnu-tools-for-stm32.7-2018-q2-update.linux64_1.0.0.201904181610/tools/bin/../lib/gcc/arm-none-eabi/7.3.1/thumb/v7e-m/fpv4-sp/hard/crti.o
LOAD /opt/st/stm32cubeide_1.1.0/plugins/com.st.stm32cube.ide.mcu.externaltools.gnu-tools-for-stm32.7-2018-q2-update.linux64_1.0.0.201904181610/tools/bin/../lib/gcc/arm-none-eabi/7.3.1/thumb/v7e-m/fpv4-sp/hard/crtbegin.o
LOAD /opt/st/stm32cubeide_1.1.0/plugins/com.st.stm32cube.ide.mcu.externaltools.gnu-tools-for-stm32.7-2018-q2-update.linux64_1.0.0.201904181610/tools/bin/../lib/gcc/arm-none-eabi/7.3.1/../../../../arm-none-eabi/lib/thumb/v7e-m/fpv4-sp/hard/crt0.o
LOAD Core/Src/main.o
LOAD Core/Src/stm32f3xx_it.o
LOAD Core/Src/syscalls.o
LOAD Core/Src/sysmem.o
LOAD Core/Src/system_stm32f3xx.o
LOAD Core/Startup/startup_stm32f303k8tx.o
LOAD Drivers/STM32F3xx_HAL_Driver/Src/stm32f3xx_ll_dac.o
LOAD Drivers/STM32F3xx_HAL_Driver/Src/stm32f3xx_ll_dma.o
LOAD Drivers/STM32F3xx_HAL_Driver/Src/stm32f3xx_ll_exti.o
LOAD Drivers/STM32F3xx_HAL_Driver/Src/stm32f3xx_ll_gpio.o
LOAD Drivers/STM32F3xx_HAL_Driver/Src/stm32f3xx_ll_rcc.o
LOAD Drivers/STM32F3xx_HAL_Driver/Src/stm32f3xx_ll_tim.o
LOAD Drivers/STM32F3xx_HAL_Driver/Src/stm32f3xx_ll_usart.o
LOAD Drivers/STM32F3xx_HAL_Driver/Src/stm32f3xx_ll_utils.o
START GROUP
LOAD /opt/st/stm32cubeide_1.1.0/plugins/com.st.stm32cube.ide.mcu.externaltools.gnu-tools-for-stm32.7-2018-q2-update.linux64_1.0.0.201904181610/tools/bin/../lib/gcc/arm-none-eabi/7.3.1/../../../../arm-none-eabi/lib/thumb/v7e-m/fpv4-sp/hard/libc_nano.a
LOAD /opt/st/stm32cubeide_1.1.0/plugins/com.st.stm32cube.ide.mcu.externaltools.gnu-tools-for-stm32.7-2018-q2-update.linux64_1.0.0.201904181610/tools/bin/../lib/gcc/arm-none-eabi/7.3.1/../../../../arm-none-eabi/lib/thumb/v7e-m/fpv4-sp/hard/libm.a
END GROUP
START GROUP
LOAD /opt/st/stm32cubeide_1.1.0/plugins/com.st.stm32cube.ide.mcu.externaltools.gnu-tools-for-stm32.7-2018-q2-update.linux64_1.0.0.201904181610/tools/bin/../lib/gcc/arm-none-eabi/7.3.1/thumb/v7e-m/fpv4-sp/hard/libgcc.a
LOAD /opt/st/stm32cubeide_1.1.0/plugins/com.st.stm32cube.ide.mcu.externaltools.gnu-tools-for-stm32.7-2018-q2-update.linux64_1.0.0.201904181610/tools/bin/../lib/gcc/arm-none-eabi/7.3.1/../../../../arm-none-eabi/lib/thumb/v7e-m/fpv4-sp/hard/libc_nano.a
END GROUP
START GROUP
LOAD /opt/st/stm32cubeide_1.1.0/plugins/com.st.stm32cube.ide.mcu.externaltools.gnu-tools-for-stm32.7-2018-q2-update.linux64_1.0.0.201904181610/tools/bin/../lib/gcc/arm-none-eabi/7.3.1/thumb/v7e-m/fpv4-sp/hard/libgcc.a
LOAD /opt/st/stm32cubeide_1.1.0/plugins/com.st.stm32cube.ide.mcu.externaltools.gnu-tools-for-stm32.7-2018-q2-update.linux64_1.0.0.201904181610/tools/bin/../lib/gcc/arm-none-eabi/7.3.1/../../../../arm-none-eabi/lib/thumb/v7e-m/fpv4-sp/hard/libc_nano.a
LOAD /opt/st/stm32cubeide_1.1.0/plugins/com.st.stm32cube.ide.mcu.externaltools.gnu-tools-for-stm32.7-2018-q2-update.linux64_1.0.0.201904181610/tools/bin/../lib/gcc/arm-none-eabi/7.3.1/../../../../arm-none-eabi/lib/thumb/v7e-m/fpv4-sp/hard/libnosys.a
END GROUP
START GROUP
LOAD /opt/st/stm32cubeide_1.1.0/plugins/com.st.stm32cube.ide.mcu.externaltools.gnu-tools-for-stm32.7-2018-q2-update.linux64_1.0.0.201904181610/tools/bin/../lib/gcc/arm-none-eabi/7.3.1/thumb/v7e-m/fpv4-sp/hard/libgcc.a
LOAD /opt/st/stm32cubeide_1.1.0/plugins/com.st.stm32cube.ide.mcu.externaltools.gnu-tools-for-stm32.7-2018-q2-update.linux64_1.0.0.201904181610/tools/bin/../lib/gcc/arm-none-eabi/7.3.1/../../../../arm-none-eabi/lib/thumb/v7e-m/fpv4-sp/hard/libc_nano.a
LOAD /opt/st/stm32cubeide_1.1.0/plugins/com.st.stm32cube.ide.mcu.externaltools.gnu-tools-for-stm32.7-2018-q2-update.linux64_1.0.0.201904181610/tools/bin/../lib/gcc/arm-none-eabi/7.3.1/../../../../arm-none-eabi/lib/thumb/v7e-m/fpv4-sp/hard/libnosys.a
END GROUP
LOAD /opt/st/stm32cubeide_1.1.0/plugins/com.st.stm32cube.ide.mcu.externaltools.gnu-tools-for-stm32.7-2018-q2-update.linux64_1.0.0.201904181610/tools/bin/../lib/gcc/arm-none-eabi/7.3.1/thumb/v7e-m/fpv4-sp/hard/crtend.o
LOAD /opt/st/stm32cubeide_1.1.0/plugins/com.st.stm32cube.ide.mcu.externaltools.gnu-tools-for-stm32.7-2018-q2-update.linux64_1.0.0.201904181610/tools/bin/../lib/gcc/arm-none-eabi/7.3.1/thumb/v7e-m/fpv4-sp/hard/crtn.o
                0x0000000020003000                _estack = (ORIGIN (RAM) + LENGTH (RAM))
                0x0000000000000200                _Min_Heap_Size = 0x200
                0x0000000000000400                _Min_Stack_Size = 0x400

.isr_vector     0x0000000008000000      0x188
                0x0000000008000000                . = ALIGN (0x4)
 *(.isr_vector)
 .isr_vector    0x0000000008000000      0x188 Core/Startup/startup_stm32f303k8tx.o
                0x0000000008000000                g_pfnVectors
                0x0000000008000188                . = ALIGN (0x4)

.text           0x0000000008000188     0x1850
                0x0000000008000188                . = ALIGN (0x4)
 *(.text)
 .text          0x0000000008000188       0x40 /opt/st/stm32cubeide_1.1.0/plugins/com.st.stm32cube.ide.mcu.externaltools.gnu-tools-for-stm32.7-2018-q2-update.linux64_1.0.0.201904181610/tools/bin/../lib/gcc/arm-none-eabi/7.3.1/thumb/v7e-m/fpv4-sp/hard/crtbegin.o
 *(.text*)
 .text.__NVIC_SetPriorityGrouping
                0x00000000080001c8       0x48 Core/Src/main.o
 .text.__NVIC_GetPriorityGrouping
                0x0000000008000210       0x1c Core/Src/main.o
 .text.__NVIC_EnableIRQ
                0x000000000800022c       0x3c Core/Src/main.o
 .text.__NVIC_SetPriority
                0x0000000008000268       0x54 Core/Src/main.o
 .text.NVIC_EncodePriority
                0x00000000080002bc       0x66 Core/Src/main.o
 .text.LL_DAC_EnableDMAReq
                0x0000000008000322       0x2e Core/Src/main.o
 .text.LL_DAC_DMA_GetRegAddr
                0x0000000008000350       0x3e Core/Src/main.o
 .text.LL_DAC_Enable
                0x000000000800038e       0x2c Core/Src/main.o
 .text.LL_DAC_EnableTrigger
                0x00000000080003ba       0x2c Core/Src/main.o
 *fill*         0x00000000080003e6        0x2 
 .text.LL_DMA_EnableChannel
                0x00000000080003e8       0x40 Core/Src/main.o
 .text.LL_DMA_SetDataTransferDirection
                0x0000000008000428       0x4c Core/Src/main.o
 .text.LL_DMA_SetMode
                0x0000000008000474       0x48 Core/Src/main.o
 .text.LL_DMA_SetPeriphIncMode
                0x00000000080004bc       0x48 Core/Src/main.o
 .text.LL_DMA_SetMemoryIncMode
                0x0000000008000504       0x48 Core/Src/main.o
 .text.LL_DMA_SetPeriphSize
                0x000000000800054c       0x48 Core/Src/main.o
 .text.LL_DMA_SetMemorySize
                0x0000000008000594       0x48 Core/Src/main.o
 .text.LL_DMA_SetChannelPriorityLevel
                0x00000000080005dc       0x48 Core/Src/main.o
 .text.LL_DMA_SetDataLength
                0x0000000008000624       0x48 Core/Src/main.o
 .text.LL_DMA_ConfigAddresses
                0x000000000800066c       0x78 Core/Src/main.o
 .text.LL_RCC_HSI_Enable
                0x00000000080006e4       0x20 Core/Src/main.o
 .text.LL_RCC_HSI_IsReady
                0x0000000008000704       0x24 Core/Src/main.o
 .text.LL_RCC_HSI_SetCalibTrimming
                0x0000000008000728       0x2c Core/Src/main.o
 .text.LL_RCC_SetSysClkSource
                0x0000000008000754       0x28 Core/Src/main.o
 .text.LL_RCC_GetSysClkSource
                0x000000000800077c       0x1c Core/Src/main.o
 .text.LL_RCC_SetAHBPrescaler
                0x0000000008000798       0x28 Core/Src/main.o
 .text.LL_RCC_SetAPB1Prescaler
                0x00000000080007c0       0x28 Core/Src/main.o
 .text.LL_RCC_SetAPB2Prescaler
                0x00000000080007e8       0x28 Core/Src/main.o
 .text.LL_RCC_PLL_Enable
                0x0000000008000810       0x20 Core/Src/main.o
 .text.LL_RCC_PLL_IsReady
                0x0000000008000830       0x28 Core/Src/main.o
 .text.LL_RCC_PLL_ConfigDomain_SYS
                0x0000000008000858       0x48 Core/Src/main.o
 .text.LL_AHB1_GRP1_EnableClock
                0x00000000080008a0       0x30 Core/Src/main.o
 .text.LL_APB1_GRP1_EnableClock
                0x00000000080008d0       0x30 Core/Src/main.o
 .text.LL_APB2_GRP1_EnableClock
                0x0000000008000900       0x30 Core/Src/main.o
 .text.LL_SYSCFG_SetRemapDMA_DAC
                0x0000000008000930       0x34 Core/Src/main.o
 .text.LL_FLASH_SetLatency
                0x0000000008000964       0x28 Core/Src/main.o
 .text.LL_FLASH_GetLatency
                0x000000000800098c       0x1c Core/Src/main.o
 .text.LL_SYSTICK_SetClkSource
                0x00000000080009a8       0x38 Core/Src/main.o
 .text.LL_TIM_EnableCounter
                0x00000000080009e0       0x20 Core/Src/main.o
 .text.LL_TIM_EnableARRPreload
                0x0000000008000a00       0x20 Core/Src/main.o
 .text.LL_TIM_SetTriggerOutput
                0x0000000008000a20       0x26 Core/Src/main.o
 .text.LL_TIM_DisableMasterSlaveMode
                0x0000000008000a46       0x20 Core/Src/main.o
 .text.LL_USART_Enable
                0x0000000008000a66       0x20 Core/Src/main.o
 .text.LL_USART_ConfigAsyncMode
                0x0000000008000a86       0x2c Core/Src/main.o
 .text.LL_USART_DisableIT_CTS
                0x0000000008000ab2       0x20 Core/Src/main.o
 .text.main     0x0000000008000ad2       0x32 Core/Src/main.o
                0x0000000008000ad2                main
 .text.SystemClock_Config
                0x0000000008000b04       0x88 Core/Src/main.o
                0x0000000008000b04                SystemClock_Config
 .text.MX_DAC1_Init
                0x0000000008000b8c      0x11c Core/Src/main.o
 .text.MX_TIM6_Init
                0x0000000008000ca8       0x58 Core/Src/main.o
 .text.MX_USART2_UART_Init
                0x0000000008000d00       0xa8 Core/Src/main.o
 .text.MX_DMA_Init
                0x0000000008000da8       0x2e Core/Src/main.o
 .text.MX_GPIO_Init
                0x0000000008000dd6       0x18 Core/Src/main.o
 .text.Error_Handler
                0x0000000008000dee        0xe Core/Src/main.o
                0x0000000008000dee                Error_Handler
 .text.NMI_Handler
                0x0000000008000dfc        0xe Core/Src/stm32f3xx_it.o
                0x0000000008000dfc                NMI_Handler
 .text.HardFault_Handler
                0x0000000008000e0a        0x6 Core/Src/stm32f3xx_it.o
                0x0000000008000e0a                HardFault_Handler
 .text.MemManage_Handler
                0x0000000008000e10        0x6 Core/Src/stm32f3xx_it.o
                0x0000000008000e10                MemManage_Handler
 .text.BusFault_Handler
                0x0000000008000e16        0x6 Core/Src/stm32f3xx_it.o
                0x0000000008000e16                BusFault_Handler
 .text.UsageFault_Handler
                0x0000000008000e1c        0x6 Core/Src/stm32f3xx_it.o
                0x0000000008000e1c                UsageFault_Handler
 .text.SVC_Handler
                0x0000000008000e22        0xe Core/Src/stm32f3xx_it.o
                0x0000000008000e22                SVC_Handler
 .text.DebugMon_Handler
                0x0000000008000e30        0xe Core/Src/stm32f3xx_it.o
                0x0000000008000e30                DebugMon_Handler
 .text.PendSV_Handler
                0x0000000008000e3e        0xe Core/Src/stm32f3xx_it.o
                0x0000000008000e3e                PendSV_Handler
 .text.SysTick_Handler
                0x0000000008000e4c        0xe Core/Src/stm32f3xx_it.o
                0x0000000008000e4c                SysTick_Handler
 .text.DMA1_Channel3_IRQHandler
                0x0000000008000e5a        0xe Core/Src/stm32f3xx_it.o
                0x0000000008000e5a                DMA1_Channel3_IRQHandler
 .text.SystemInit
                0x0000000008000e68       0x2c Core/Src/system_stm32f3xx.o
                0x0000000008000e68                SystemInit
 .text.Reset_Handler
                0x0000000008000e94       0x50 Core/Startup/startup_stm32f303k8tx.o
                0x0000000008000e94                Reset_Handler
 .text.Default_Handler
                0x0000000008000ee4        0x2 Core/Startup/startup_stm32f303k8tx.o
                0x0000000008000ee4                RTC_Alarm_IRQHandler
                0x0000000008000ee4                TIM1_CC_IRQHandler
                0x0000000008000ee4                PVD_IRQHandler
                0x0000000008000ee4                TAMP_STAMP_IRQHandler
                0x0000000008000ee4                EXTI3_IRQHandler
                0x0000000008000ee4                EXTI0_IRQHandler
                0x0000000008000ee4                FPU_IRQHandler
                0x0000000008000ee4                CAN_TX_IRQHandler
                0x0000000008000ee4                TIM1_UP_TIM16_IRQHandler
                0x0000000008000ee4                ADC1_2_IRQHandler
                0x0000000008000ee4                SPI1_IRQHandler
                0x0000000008000ee4                CAN_SCE_IRQHandler
                0x0000000008000ee4                DMA1_Channel4_IRQHandler
                0x0000000008000ee4                USART3_IRQHandler
                0x0000000008000ee4                DMA1_Channel7_IRQHandler
                0x0000000008000ee4                TIM7_DAC2_IRQHandler
                0x0000000008000ee4                CAN_RX1_IRQHandler
                0x0000000008000ee4                I2C1_EV_IRQHandler
                0x0000000008000ee4                DMA1_Channel6_IRQHandler
                0x0000000008000ee4                TIM3_IRQHandler
                0x0000000008000ee4                RCC_IRQHandler
                0x0000000008000ee4                DMA1_Channel1_IRQHandler
                0x0000000008000ee4                Default_Handler
                0x0000000008000ee4                EXTI15_10_IRQHandler
                0x0000000008000ee4                COMP2_IRQHandler
                0x0000000008000ee4                TIM6_DAC1_IRQHandler
                0x0000000008000ee4                EXTI9_5_IRQHandler
                0x0000000008000ee4                RTC_WKUP_IRQHandler
                0x0000000008000ee4                DMA1_Channel5_IRQHandler
                0x0000000008000ee4                EXTI4_IRQHandler
                0x0000000008000ee4                TIM1_TRG_COM_TIM17_IRQHandler
                0x0000000008000ee4                WWDG_IRQHandler
                0x0000000008000ee4                TIM2_IRQHandler
                0x0000000008000ee4                EXTI1_IRQHandler
                0x0000000008000ee4                COMP4_6_IRQHandler
                0x0000000008000ee4                USART2_IRQHandler
                0x0000000008000ee4                DMA1_Channel2_IRQHandler
                0x0000000008000ee4                FLASH_IRQHandler
                0x0000000008000ee4                USART1_IRQHandler
                0x0000000008000ee4                CAN_RX0_IRQHandler
                0x0000000008000ee4                I2C1_ER_IRQHandler
                0x0000000008000ee4                EXTI2_TSC_IRQHandler
                0x0000000008000ee4                TIM1_BRK_TIM15_IRQHandler
 .text.LL_DAC_IsEnabled
                0x0000000008000ee6       0x3e Drivers/STM32F3xx_HAL_Driver/Src/stm32f3xx_ll_dac.o
 .text.LL_DAC_Init
                0x0000000008000f24       0xa2 Drivers/STM32F3xx_HAL_Driver/Src/stm32f3xx_ll_dac.o
                0x0000000008000f24                LL_DAC_Init
 .text.LL_GPIO_SetPinMode
                0x0000000008000fc6       0x5e Drivers/STM32F3xx_HAL_Driver/Src/stm32f3xx_ll_gpio.o
 .text.LL_GPIO_SetPinOutputType
                0x0000000008001024       0x30 Drivers/STM32F3xx_HAL_Driver/Src/stm32f3xx_ll_gpio.o
 .text.LL_GPIO_SetPinSpeed
                0x0000000008001054       0x5e Drivers/STM32F3xx_HAL_Driver/Src/stm32f3xx_ll_gpio.o
 .text.LL_GPIO_SetPinPull
                0x00000000080010b2       0x5e Drivers/STM32F3xx_HAL_Driver/Src/stm32f3xx_ll_gpio.o
 .text.LL_GPIO_SetAFPin_0_7
                0x0000000008001110       0x5e Drivers/STM32F3xx_HAL_Driver/Src/stm32f3xx_ll_gpio.o
 .text.LL_GPIO_SetAFPin_8_15
                0x000000000800116e       0x62 Drivers/STM32F3xx_HAL_Driver/Src/stm32f3xx_ll_gpio.o
 .text.LL_GPIO_Init
                0x00000000080011d0       0xf0 Drivers/STM32F3xx_HAL_Driver/Src/stm32f3xx_ll_gpio.o
                0x00000000080011d0                LL_GPIO_Init
 .text.LL_RCC_HSI_IsReady
                0x00000000080012c0       0x24 Drivers/STM32F3xx_HAL_Driver/Src/stm32f3xx_ll_rcc.o
 .text.LL_RCC_LSE_IsReady
                0x00000000080012e4       0x24 Drivers/STM32F3xx_HAL_Driver/Src/stm32f3xx_ll_rcc.o
 .text.LL_RCC_GetSysClkSource
                0x0000000008001308       0x1c Drivers/STM32F3xx_HAL_Driver/Src/stm32f3xx_ll_rcc.o
 .text.LL_RCC_GetAHBPrescaler
                0x0000000008001324       0x1c Drivers/STM32F3xx_HAL_Driver/Src/stm32f3xx_ll_rcc.o
 .text.LL_RCC_GetAPB1Prescaler
                0x0000000008001340       0x1c Drivers/STM32F3xx_HAL_Driver/Src/stm32f3xx_ll_rcc.o
 .text.LL_RCC_GetAPB2Prescaler
                0x000000000800135c       0x1c Drivers/STM32F3xx_HAL_Driver/Src/stm32f3xx_ll_rcc.o
 .text.LL_RCC_GetUSARTClockSource
                0x0000000008001378       0x2c Drivers/STM32F3xx_HAL_Driver/Src/stm32f3xx_ll_rcc.o
 .text.LL_RCC_PLL_GetMainSource
                0x00000000080013a4       0x1c Drivers/STM32F3xx_HAL_Driver/Src/stm32f3xx_ll_rcc.o
 .text.LL_RCC_PLL_GetMultiplicator
                0x00000000080013c0       0x1c Drivers/STM32F3xx_HAL_Driver/Src/stm32f3xx_ll_rcc.o
 .text.LL_RCC_PLL_GetPrediv
                0x00000000080013dc       0x1c Drivers/STM32F3xx_HAL_Driver/Src/stm32f3xx_ll_rcc.o
 .text.LL_RCC_GetSystemClocksFreq
                0x00000000080013f8       0x4a Drivers/STM32F3xx_HAL_Driver/Src/stm32f3xx_ll_rcc.o
                0x00000000080013f8                LL_RCC_GetSystemClocksFreq
 *fill*         0x0000000008001442        0x2 
 .text.LL_RCC_GetUSARTClockFreq
                0x0000000008001444       0x80 Drivers/STM32F3xx_HAL_Driver/Src/stm32f3xx_ll_rcc.o
                0x0000000008001444                LL_RCC_GetUSARTClockFreq
 .text.RCC_GetSystemClockFreq
                0x00000000080014c4       0x44 Drivers/STM32F3xx_HAL_Driver/Src/stm32f3xx_ll_rcc.o
                0x00000000080014c4                RCC_GetSystemClockFreq
 .text.RCC_GetHCLKClockFreq
                0x0000000008001508       0x2c Drivers/STM32F3xx_HAL_Driver/Src/stm32f3xx_ll_rcc.o
                0x0000000008001508                RCC_GetHCLKClockFreq
 .text.RCC_GetPCLK1ClockFreq
                0x0000000008001534       0x28 Drivers/STM32F3xx_HAL_Driver/Src/stm32f3xx_ll_rcc.o
                0x0000000008001534                RCC_GetPCLK1ClockFreq
 .text.RCC_GetPCLK2ClockFreq
                0x000000000800155c       0x28 Drivers/STM32F3xx_HAL_Driver/Src/stm32f3xx_ll_rcc.o
                0x000000000800155c                RCC_GetPCLK2ClockFreq
 .text.RCC_PLL_GetFreqDomain_SYS
                0x0000000008001584       0x7c Drivers/STM32F3xx_HAL_Driver/Src/stm32f3xx_ll_rcc.o
                0x0000000008001584                RCC_PLL_GetFreqDomain_SYS
 .text.LL_TIM_SetPrescaler
                0x0000000008001600       0x1c Drivers/STM32F3xx_HAL_Driver/Src/stm32f3xx_ll_tim.o
 .text.LL_TIM_SetAutoReload
                0x000000000800161c       0x1c Drivers/STM32F3xx_HAL_Driver/Src/stm32f3xx_ll_tim.o
 .text.LL_TIM_SetRepetitionCounter
                0x0000000008001638       0x1c Drivers/STM32F3xx_HAL_Driver/Src/stm32f3xx_ll_tim.o
 .text.LL_TIM_GenerateEvent_UPDATE
                0x0000000008001654       0x20 Drivers/STM32F3xx_HAL_Driver/Src/stm32f3xx_ll_tim.o
 .text.LL_TIM_Init
                0x0000000008001674       0xe4 Drivers/STM32F3xx_HAL_Driver/Src/stm32f3xx_ll_tim.o
                0x0000000008001674                LL_TIM_Init
 .text.LL_USART_IsEnabled
                0x0000000008001758       0x26 Drivers/STM32F3xx_HAL_Driver/Src/stm32f3xx_ll_usart.o
 .text.LL_USART_SetStopBitsLength
                0x000000000800177e       0x26 Drivers/STM32F3xx_HAL_Driver/Src/stm32f3xx_ll_usart.o
 .text.LL_USART_SetHWFlowCtrl
                0x00000000080017a4       0x26 Drivers/STM32F3xx_HAL_Driver/Src/stm32f3xx_ll_usart.o
 .text.LL_USART_SetBaudRate
                0x00000000080017ca       0x64 Drivers/STM32F3xx_HAL_Driver/Src/stm32f3xx_ll_usart.o
 *fill*         0x000000000800182e        0x2 
 .text.LL_USART_Init
                0x0000000008001830       0xd8 Drivers/STM32F3xx_HAL_Driver/Src/stm32f3xx_ll_usart.o
                0x0000000008001830                LL_USART_Init
 .text.LL_InitTick
                0x0000000008001908       0x34 Drivers/STM32F3xx_HAL_Driver/Src/stm32f3xx_ll_utils.o
 .text.LL_Init1msTick
                0x000000000800193c       0x1a Drivers/STM32F3xx_HAL_Driver/Src/stm32f3xx_ll_utils.o
                0x000000000800193c                LL_Init1msTick
 *fill*         0x0000000008001956        0x2 
 .text.LL_SetSystemCoreClock
                0x0000000008001958       0x20 Drivers/STM32F3xx_HAL_Driver/Src/stm32f3xx_ll_utils.o
                0x0000000008001958                LL_SetSystemCoreClock
 .text.__libc_init_array
                0x0000000008001978       0x48 /opt/st/stm32cubeide_1.1.0/plugins/com.st.stm32cube.ide.mcu.externaltools.gnu-tools-for-stm32.7-2018-q2-update.linux64_1.0.0.201904181610/tools/bin/../lib/gcc/arm-none-eabi/7.3.1/../../../../arm-none-eabi/lib/thumb/v7e-m/fpv4-sp/hard/libc_nano.a(lib_a-init.o)
                0x0000000008001978                __libc_init_array
 *(.glue_7)
 .glue_7        0x00000000080019c0        0x0 linker stubs
 *(.glue_7t)
 .glue_7t       0x00000000080019c0        0x0 linker stubs
 *(.eh_frame)
 .eh_frame      0x00000000080019c0        0x0 /opt/st/stm32cubeide_1.1.0/plugins/com.st.stm32cube.ide.mcu.externaltools.gnu-tools-for-stm32.7-2018-q2-update.linux64_1.0.0.201904181610/tools/bin/../lib/gcc/arm-none-eabi/7.3.1/thumb/v7e-m/fpv4-sp/hard/crtbegin.o
 *(.init)
 .init          0x00000000080019c0        0x4 /opt/st/stm32cubeide_1.1.0/plugins/com.st.stm32cube.ide.mcu.externaltools.gnu-tools-for-stm32.7-2018-q2-update.linux64_1.0.0.201904181610/tools/bin/../lib/gcc/arm-none-eabi/7.3.1/thumb/v7e-m/fpv4-sp/hard/crti.o
                0x00000000080019c0                _init
 .init          0x00000000080019c4        0x8 /opt/st/stm32cubeide_1.1.0/plugins/com.st.stm32cube.ide.mcu.externaltools.gnu-tools-for-stm32.7-2018-q2-update.linux64_1.0.0.201904181610/tools/bin/../lib/gcc/arm-none-eabi/7.3.1/thumb/v7e-m/fpv4-sp/hard/crtn.o
 *(.fini)
 .fini          0x00000000080019cc        0x4 /opt/st/stm32cubeide_1.1.0/plugins/com.st.stm32cube.ide.mcu.externaltools.gnu-tools-for-stm32.7-2018-q2-update.linux64_1.0.0.201904181610/tools/bin/../lib/gcc/arm-none-eabi/7.3.1/thumb/v7e-m/fpv4-sp/hard/crti.o
                0x00000000080019cc                _fini
 .fini          0x00000000080019d0        0x8 /opt/st/stm32cubeide_1.1.0/plugins/com.st.stm32cube.ide.mcu.externaltools.gnu-tools-for-stm32.7-2018-q2-update.linux64_1.0.0.201904181610/tools/bin/../lib/gcc/arm-none-eabi/7.3.1/thumb/v7e-m/fpv4-sp/hard/crtn.o
                0x00000000080019d8                . = ALIGN (0x4)
                0x00000000080019d8                _etext = .

.vfp11_veneer   0x00000000080019d8        0x0
 .vfp11_veneer  0x00000000080019d8        0x0 linker stubs

.v4_bx          0x00000000080019d8        0x0
 .v4_bx         0x00000000080019d8        0x0 linker stubs

.iplt           0x00000000080019d8        0x0
 .iplt          0x00000000080019d8        0x0 /opt/st/stm32cubeide_1.1.0/plugins/com.st.stm32cube.ide.mcu.externaltools.gnu-tools-for-stm32.7-2018-q2-update.linux64_1.0.0.201904181610/tools/bin/../lib/gcc/arm-none-eabi/7.3.1/thumb/v7e-m/fpv4-sp/hard/crtbegin.o

.rodata         0x00000000080019d8       0x20
                0x00000000080019d8                . = ALIGN (0x4)
 *(.rodata)
 *(.rodata*)
 .rodata.CHANNEL_OFFSET_TAB
                0x00000000080019d8        0x7 Core/Src/main.o
 *fill*         0x00000000080019df        0x1 
 .rodata.AHBPrescTable
                0x00000000080019e0       0x10 Core/Src/system_stm32f3xx.o
                0x00000000080019e0                AHBPrescTable
 .rodata.APBPrescTable
                0x00000000080019f0        0x8 Core/Src/system_stm32f3xx.o
                0x00000000080019f0                APBPrescTable
                0x00000000080019f8                . = ALIGN (0x4)

.rel.dyn        0x00000000080019f8        0x0
 .rel.iplt      0x00000000080019f8        0x0 /opt/st/stm32cubeide_1.1.0/plugins/com.st.stm32cube.ide.mcu.externaltools.gnu-tools-for-stm32.7-2018-q2-update.linux64_1.0.0.201904181610/tools/bin/../lib/gcc/arm-none-eabi/7.3.1/thumb/v7e-m/fpv4-sp/hard/crtbegin.o

.ARM.extab      0x00000000080019f8        0x0
                0x00000000080019f8                . = ALIGN (0x4)
 *(.ARM.extab* .gnu.linkonce.armextab.*)
                0x00000000080019f8                . = ALIGN (0x4)

.ARM            0x00000000080019f8        0x0
                0x00000000080019f8                . = ALIGN (0x4)
                0x00000000080019f8                __exidx_start = .
 *(.ARM.exidx*)
                0x00000000080019f8                __exidx_end = .
                0x00000000080019f8                . = ALIGN (0x4)

.preinit_array  0x00000000080019f8        0x0
                0x00000000080019f8                . = ALIGN (0x4)
                0x00000000080019f8                PROVIDE (__preinit_array_start = .)
 *(.preinit_array*)
                0x00000000080019f8                PROVIDE (__preinit_array_end = .)
                0x00000000080019f8                . = ALIGN (0x4)

.init_array     0x00000000080019f8        0x4
                0x00000000080019f8                . = ALIGN (0x4)
                0x00000000080019f8                PROVIDE (__init_array_start = .)
 *(SORT_BY_NAME(.init_array.*))
 *(.init_array*)
 .init_array    0x00000000080019f8        0x4 /opt/st/stm32cubeide_1.1.0/plugins/com.st.stm32cube.ide.mcu.externaltools.gnu-tools-for-stm32.7-2018-q2-update.linux64_1.0.0.201904181610/tools/bin/../lib/gcc/arm-none-eabi/7.3.1/thumb/v7e-m/fpv4-sp/hard/crtbegin.o
                0x00000000080019fc                PROVIDE (__init_array_end = .)
                0x00000000080019fc                . = ALIGN (0x4)

.fini_array     0x00000000080019fc        0x4
                0x00000000080019fc                . = ALIGN (0x4)
                [!provide]                        PROVIDE (__fini_array_start = .)
 *(SORT_BY_NAME(.fini_array.*))
 *(.fini_array*)
 .fini_array    0x00000000080019fc        0x4 /opt/st/stm32cubeide_1.1.0/plugins/com.st.stm32cube.ide.mcu.externaltools.gnu-tools-for-stm32.7-2018-q2-update.linux64_1.0.0.201904181610/tools/bin/../lib/gcc/arm-none-eabi/7.3.1/thumb/v7e-m/fpv4-sp/hard/crtbegin.o
                [!provide]                        PROVIDE (__fini_array_end = .)
                0x0000000008001a00                . = ALIGN (0x4)
                0x0000000008001a00                _sidata = LOADADDR (.data)

.data           0x0000000020000000       0x24 load address 0x0000000008001a00
                0x0000000020000000                . = ALIGN (0x4)
                0x0000000020000000                _sdata = .
 *(.data)
 *(.data*)
 .data.dac_buf  0x0000000020000000       0x20 Core/Src/main.o
                0x0000000020000000                dac_buf
 .data.SystemCoreClock
                0x0000000020000020        0x4 Core/Src/system_stm32f3xx.o
                0x0000000020000020                SystemCoreClock
                0x0000000020000024                . = ALIGN (0x4)
                0x0000000020000024                _edata = .

.igot.plt       0x0000000020000024        0x0 load address 0x0000000008001a24
 .igot.plt      0x0000000020000024        0x0 /opt/st/stm32cubeide_1.1.0/plugins/com.st.stm32cube.ide.mcu.externaltools.gnu-tools-for-stm32.7-2018-q2-update.linux64_1.0.0.201904181610/tools/bin/../lib/gcc/arm-none-eabi/7.3.1/thumb/v7e-m/fpv4-sp/hard/crtbegin.o
                0x0000000020000024                . = ALIGN (0x4)

.bss            0x0000000020000024       0x1c load address 0x0000000008001a24
                0x0000000020000024                _sbss = .
                0x0000000020000024                __bss_start__ = _sbss
 *(.bss)
 .bss           0x0000000020000024       0x1c /opt/st/stm32cubeide_1.1.0/plugins/com.st.stm32cube.ide.mcu.externaltools.gnu-tools-for-stm32.7-2018-q2-update.linux64_1.0.0.201904181610/tools/bin/../lib/gcc/arm-none-eabi/7.3.1/thumb/v7e-m/fpv4-sp/hard/crtbegin.o
 *(.bss*)
 *(COMMON)
                0x0000000020000040                . = ALIGN (0x4)
                0x0000000020000040                _ebss = .
                0x0000000020000040                __bss_end__ = _ebss

._user_heap_stack
                0x0000000020000040      0x600 load address 0x0000000008001a24
                0x0000000020000040                . = ALIGN (0x8)
                0x0000000020000040                PROVIDE (end = .)
                [!provide]                        PROVIDE (_end = .)
                0x0000000020000240                . = (. + _Min_Heap_Size)
 *fill*         0x0000000020000040      0x200 
                0x0000000020000640                . = (. + _Min_Stack_Size)
 *fill*         0x0000000020000240      0x400 
                0x0000000020000640                . = ALIGN (0x8)

/DISCARD/
 libc.a(*)
 libm.a(*)
 libgcc.a(*)

.ARM.attributes
                0x0000000000000000       0x30
 *(.ARM.attributes)
 .ARM.attributes
                0x0000000000000000       0x22 /opt/st/stm32cubeide_1.1.0/plugins/com.st.stm32cube.ide.mcu.externaltools.gnu-tools-for-stm32.7-2018-q2-update.linux64_1.0.0.201904181610/tools/bin/../lib/gcc/arm-none-eabi/7.3.1/thumb/v7e-m/fpv4-sp/hard/crti.o
 .ARM.attributes
                0x0000000000000022       0x34 /opt/st/stm32cubeide_1.1.0/plugins/com.st.stm32cube.ide.mcu.externaltools.gnu-tools-for-stm32.7-2018-q2-update.linux64_1.0.0.201904181610/tools/bin/../lib/gcc/arm-none-eabi/7.3.1/thumb/v7e-m/fpv4-sp/hard/crtbegin.o
 .ARM.attributes
                0x0000000000000056       0x39 Core/Src/main.o
 .ARM.attributes
                0x000000000000008f       0x39 Core/Src/stm32f3xx_it.o
 .ARM.attributes
                0x00000000000000c8       0x39 Core/Src/system_stm32f3xx.o
 .ARM.attributes
                0x0000000000000101       0x21 Core/Startup/startup_stm32f303k8tx.o
 .ARM.attributes
                0x0000000000000122       0x39 Drivers/STM32F3xx_HAL_Driver/Src/stm32f3xx_ll_dac.o
 .ARM.attributes
                0x000000000000015b       0x39 Drivers/STM32F3xx_HAL_Driver/Src/stm32f3xx_ll_gpio.o
 .ARM.attributes
                0x0000000000000194       0x39 Drivers/STM32F3xx_HAL_Driver/Src/stm32f3xx_ll_rcc.o
 .ARM.attributes
                0x00000000000001cd       0x39 Drivers/STM32F3xx_HAL_Driver/Src/stm32f3xx_ll_tim.o
 .ARM.attributes
                0x0000000000000206       0x39 Drivers/STM32F3xx_HAL_Driver/Src/stm32f3xx_ll_usart.o
 .ARM.attributes
                0x000000000000023f       0x39 Drivers/STM32F3xx_HAL_Driver/Src/stm32f3xx_ll_utils.o
 .ARM.attributes
                0x0000000000000278       0x34 /opt/st/stm32cubeide_1.1.0/plugins/com.st.stm32cube.ide.mcu.externaltools.gnu-tools-for-stm32.7-2018-q2-update.linux64_1.0.0.201904181610/tools/bin/../lib/gcc/arm-none-eabi/7.3.1/../../../../arm-none-eabi/lib/thumb/v7e-m/fpv4-sp/hard/libc_nano.a(lib_a-init.o)
 .ARM.attributes
                0x00000000000002ac       0x22 /opt/st/stm32cubeide_1.1.0/plugins/com.st.stm32cube.ide.mcu.externaltools.gnu-tools-for-stm32.7-2018-q2-update.linux64_1.0.0.201904181610/tools/bin/../lib/gcc/arm-none-eabi/7.3.1/thumb/v7e-m/fpv4-sp/hard/crtn.o
OUTPUT(stm32f303k8_daq.elf elf32-littlearm)

.debug_info     0x0000000000000000     0x4f9f
 .debug_info    0x0000000000000000     0x17a5 Core/Src/main.o
 .debug_info    0x00000000000017a5      0x24d Core/Src/stm32f3xx_it.o
 .debug_info    0x00000000000019f2      0x400 Core/Src/system_stm32f3xx.o
 .debug_info    0x0000000000001df2       0x22 Core/Startup/startup_stm32f303k8tx.o
 .debug_info    0x0000000000001e14      0x436 Drivers/STM32F3xx_HAL_Driver/Src/stm32f3xx_ll_dac.o
 .debug_info    0x000000000000224a      0x7e2 Drivers/STM32F3xx_HAL_Driver/Src/stm32f3xx_ll_gpio.o
 .debug_info    0x0000000000002a2c      0x704 Drivers/STM32F3xx_HAL_Driver/Src/stm32f3xx_ll_rcc.o
 .debug_info    0x0000000000003130      0xf9d Drivers/STM32F3xx_HAL_Driver/Src/stm32f3xx_ll_tim.o
 .debug_info    0x00000000000040cd      0x6bf Drivers/STM32F3xx_HAL_Driver/Src/stm32f3xx_ll_usart.o
 .debug_info    0x000000000000478c      0x813 Drivers/STM32F3xx_HAL_Driver/Src/stm32f3xx_ll_utils.o

.debug_abbrev   0x0000000000000000     0x10c3
 .debug_abbrev  0x0000000000000000      0x2ec Core/Src/main.o
 .debug_abbrev  0x00000000000002ec       0xa3 Core/Src/stm32f3xx_it.o
 .debug_abbrev  0x000000000000038f      0x111 Core/Src/system_stm32f3xx.o
 .debug_abbrev  0x00000000000004a0       0x12 Core/Startup/startup_stm32f303k8tx.o
 .debug_abbrev  0x00000000000004b2      0x186 Drivers/STM32F3xx_HAL_Driver/Src/stm32f3xx_ll_dac.o
 .debug_abbrev  0x0000000000000638      0x212 Drivers/STM32F3xx_HAL_Driver/Src/stm32f3xx_ll_gpio.o
 .debug_abbrev  0x000000000000084a      0x238 Drivers/STM32F3xx_HAL_Driver/Src/stm32f3xx_ll_rcc.o
 .debug_abbrev  0x0000000000000a82      0x1ff Drivers/STM32F3xx_HAL_Driver/Src/stm32f3xx_ll_tim.o
 .debug_abbrev  0x0000000000000c81      0x1b1 Drivers/STM32F3xx_HAL_Driver/Src/stm32f3xx_ll_usart.o
 .debug_abbrev  0x0000000000000e32      0x291 Drivers/STM32F3xx_HAL_Driver/Src/stm32f3xx_ll_utils.o

.debug_aranges  0x0000000000000000      0x6e8
 .debug_aranges
                0x0000000000000000      0x1b8 Core/Src/main.o
 .debug_aranges
                0x00000000000001b8       0x68 Core/Src/stm32f3xx_it.o
 .debug_aranges
                0x0000000000000220       0x28 Core/Src/system_stm32f3xx.o
 .debug_aranges
                0x0000000000000248       0x28 Core/Startup/startup_stm32f303k8tx.o
 .debug_aranges
                0x0000000000000270       0x48 Drivers/STM32F3xx_HAL_Driver/Src/stm32f3xx_ll_dac.o
 .debug_aranges
                0x00000000000002b8       0x70 Drivers/STM32F3xx_HAL_Driver/Src/stm32f3xx_ll_gpio.o
 .debug_aranges
                0x0000000000000328      0x100 Drivers/STM32F3xx_HAL_Driver/Src/stm32f3xx_ll_rcc.o
 .debug_aranges
                0x0000000000000428      0x148 Drivers/STM32F3xx_HAL_Driver/Src/stm32f3xx_ll_tim.o
 .debug_aranges
                0x0000000000000570       0x88 Drivers/STM32F3xx_HAL_Driver/Src/stm32f3xx_ll_usart.o
 .debug_aranges
                0x00000000000005f8       0xf0 Drivers/STM32F3xx_HAL_Driver/Src/stm32f3xx_ll_utils.o

.debug_ranges   0x0000000000000000      0x650
 .debug_ranges  0x0000000000000000      0x1a8 Core/Src/main.o
 .debug_ranges  0x00000000000001a8       0x58 Core/Src/stm32f3xx_it.o
 .debug_ranges  0x0000000000000200       0x18 Core/Src/system_stm32f3xx.o
 .debug_ranges  0x0000000000000218       0x20 Core/Startup/startup_stm32f303k8tx.o
 .debug_ranges  0x0000000000000238       0x38 Drivers/STM32F3xx_HAL_Driver/Src/stm32f3xx_ll_dac.o
 .debug_ranges  0x0000000000000270       0x60 Drivers/STM32F3xx_HAL_Driver/Src/stm32f3xx_ll_gpio.o
 .debug_ranges  0x00000000000002d0       0xf0 Drivers/STM32F3xx_HAL_Driver/Src/stm32f3xx_ll_rcc.o
 .debug_ranges  0x00000000000003c0      0x138 Drivers/STM32F3xx_HAL_Driver/Src/stm32f3xx_ll_tim.o
 .debug_ranges  0x00000000000004f8       0x78 Drivers/STM32F3xx_HAL_Driver/Src/stm32f3xx_ll_usart.o
 .debug_ranges  0x0000000000000570       0xe0 Drivers/STM32F3xx_HAL_Driver/Src/stm32f3xx_ll_utils.o

.debug_macro    0x0000000000000000    0x161e0
 .debug_macro   0x0000000000000000      0x144 Core/Src/main.o
 .debug_macro   0x0000000000000144      0xa90 Core/Src/main.o
 .debug_macro   0x0000000000000bd4       0x2e Core/Src/main.o
 .debug_macro   0x0000000000000c02       0x28 Core/Src/main.o
 .debug_macro   0x0000000000000c2a       0x22 Core/Src/main.o
 .debug_macro   0x0000000000000c4c       0x8e Core/Src/main.o
 .debug_macro   0x0000000000000cda       0x51 Core/Src/main.o
 .debug_macro   0x0000000000000d2b       0xef Core/Src/main.o
 .debug_macro   0x0000000000000e1a       0x6a Core/Src/main.o
 .debug_macro   0x0000000000000e84      0x1df Core/Src/main.o
 .debug_macro   0x0000000000001063       0x1c Core/Src/main.o
 .debug_macro   0x000000000000107f       0x22 Core/Src/main.o
 .debug_macro   0x00000000000010a1       0xdf Core/Src/main.o
 .debug_macro   0x0000000000001180      0xf07 Core/Src/main.o
 .debug_macro   0x0000000000002087    0x10bd9 Core/Src/main.o
 .debug_macro   0x0000000000012c60       0x43 Core/Src/main.o
 .debug_macro   0x0000000000012ca3      0x229 Core/Src/main.o
 .debug_macro   0x0000000000012ecc      0x287 Core/Src/main.o
 .debug_macro   0x0000000000013153      0x4c2 Core/Src/main.o
 .debug_macro   0x0000000000013615       0xe1 Core/Src/main.o
 .debug_macro   0x00000000000136f6      0x29f Core/Src/main.o
 .debug_macro   0x0000000000013995       0xfe Core/Src/main.o
 .debug_macro   0x0000000000013a93       0x28 Core/Src/main.o
 .debug_macro   0x0000000000013abb       0x30 Core/Src/main.o
 .debug_macro   0x0000000000013aeb       0xa8 Core/Src/main.o
 .debug_macro   0x0000000000013b93      0x803 Core/Src/main.o
 .debug_macro   0x0000000000014396      0x2f7 Core/Src/main.o
 .debug_macro   0x000000000001468d      0x142 Core/Src/main.o
 .debug_macro   0x00000000000147cf       0x5e Core/Src/main.o
 .debug_macro   0x000000000001482d      0x148 Core/Src/stm32f3xx_it.o
 .debug_macro   0x0000000000014975       0xc3 Core/Src/system_stm32f3xx.o
 .debug_macro   0x0000000000014a38       0xfc Drivers/STM32F3xx_HAL_Driver/Src/stm32f3xx_ll_dac.o
 .debug_macro   0x0000000000014b34       0xff Drivers/STM32F3xx_HAL_Driver/Src/stm32f3xx_ll_gpio.o
 .debug_macro   0x0000000000014c33      0x13c Drivers/STM32F3xx_HAL_Driver/Src/stm32f3xx_ll_gpio.o
 .debug_macro   0x0000000000014d6f       0xf1 Drivers/STM32F3xx_HAL_Driver/Src/stm32f3xx_ll_rcc.o
 .debug_macro   0x0000000000014e60      0x4bc Drivers/STM32F3xx_HAL_Driver/Src/stm32f3xx_ll_rcc.o
 .debug_macro   0x000000000001531c      0x169 Drivers/STM32F3xx_HAL_Driver/Src/stm32f3xx_ll_tim.o
 .debug_macro   0x0000000000015485      0x7fd Drivers/STM32F3xx_HAL_Driver/Src/stm32f3xx_ll_tim.o
 .debug_macro   0x0000000000015c82      0x132 Drivers/STM32F3xx_HAL_Driver/Src/stm32f3xx_ll_usart.o
 .debug_macro   0x0000000000015db4      0x2f1 Drivers/STM32F3xx_HAL_Driver/Src/stm32f3xx_ll_usart.o
 .debug_macro   0x00000000000160a5      0x13b Drivers/STM32F3xx_HAL_Driver/Src/stm32f3xx_ll_utils.o

.debug_line     0x0000000000000000     0x3e09
 .debug_line    0x0000000000000000      0xa26 Core/Src/main.o
 .debug_line    0x0000000000000a26      0x630 Core/Src/stm32f3xx_it.o
 .debug_line    0x0000000000001056      0x456 Core/Src/system_stm32f3xx.o
 .debug_line    0x00000000000014ac       0x85 Core/Startup/startup_stm32f303k8tx.o
 .debug_line    0x0000000000001531      0x50f Drivers/STM32F3xx_HAL_Driver/Src/stm32f3xx_ll_dac.o
 .debug_line    0x0000000000001a40      0x645 Drivers/STM32F3xx_HAL_Driver/Src/stm32f3xx_ll_gpio.o
 .debug_line    0x0000000000002085      0x719 Drivers/STM32F3xx_HAL_Driver/Src/stm32f3xx_ll_rcc.o
 .debug_line    0x000000000000279e      0x935 Drivers/STM32F3xx_HAL_Driver/Src/stm32f3xx_ll_tim.o
 .debug_line    0x00000000000030d3      0x5fe Drivers/STM32F3xx_HAL_Driver/Src/stm32f3xx_ll_usart.o
 .debug_line    0x00000000000036d1      0x738 Drivers/STM32F3xx_HAL_Driver/Src/stm32f3xx_ll_utils.o

.debug_str      0x0000000000000000    0x7725f
 .debug_str     0x0000000000000000    0x7291a Core/Src/main.o
                                      0x72c3a (size before relaxing)
 .debug_str     0x000000000007291a       0xd6 Core/Src/stm32f3xx_it.o
                                      0x71f74 (size before relaxing)
 .debug_str     0x00000000000729f0       0x73 Core/Src/system_stm32f3xx.o
                                      0x65207 (size before relaxing)
 .debug_str     0x0000000000072a63       0x36 Core/Startup/startup_stm32f303k8tx.o
                                         0x74 (size before relaxing)
 .debug_str     0x0000000000072a99      0xbf0 Drivers/STM32F3xx_HAL_Driver/Src/stm32f3xx_ll_dac.o
                                      0x6774d (size before relaxing)
 .debug_str     0x0000000000073689      0x634 Drivers/STM32F3xx_HAL_Driver/Src/stm32f3xx_ll_gpio.o
                                      0x66556 (size before relaxing)
 .debug_str     0x0000000000073cbd      0x4ea Drivers/STM32F3xx_HAL_Driver/Src/stm32f3xx_ll_rcc.o
                                      0x679a8 (size before relaxing)
 .debug_str     0x00000000000741a7     0x1c04 Drivers/STM32F3xx_HAL_Driver/Src/stm32f3xx_ll_tim.o
                                      0x6b4a6 (size before relaxing)
 .debug_str     0x0000000000075dab      0x849 Drivers/STM32F3xx_HAL_Driver/Src/stm32f3xx_ll_usart.o
                                      0x694bd (size before relaxing)
 .debug_str     0x00000000000765f4      0xc6b Drivers/STM32F3xx_HAL_Driver/Src/stm32f3xx_ll_utils.o
                                      0x6a218 (size before relaxing)

.comment        0x0000000000000000       0x7b
 .comment       0x0000000000000000       0x7b Core/Src/main.o
                                         0x7c (size before relaxing)
 .comment       0x000000000000007b       0x7c Core/Src/stm32f3xx_it.o
 .comment       0x000000000000007b       0x7c Core/Src/system_stm32f3xx.o
 .comment       0x000000000000007b       0x7c Drivers/STM32F3xx_HAL_Driver/Src/stm32f3xx_ll_dac.o
 .comment       0x000000000000007b       0x7c Drivers/STM32F3xx_HAL_Driver/Src/stm32f3xx_ll_gpio.o
 .comment       0x000000000000007b       0x7c Drivers/STM32F3xx_HAL_Driver/Src/stm32f3xx_ll_rcc.o
 .comment       0x000000000000007b       0x7c Drivers/STM32F3xx_HAL_Driver/Src/stm32f3xx_ll_tim.o
 .comment       0x000000000000007b       0x7c Drivers/STM32F3xx_HAL_Driver/Src/stm32f3xx_ll_usart.o
 .comment       0x000000000000007b       0x7c Drivers/STM32F3xx_HAL_Driver/Src/stm32f3xx_ll_utils.o

.debug_frame    0x0000000000000000     0x1c0c
 .debug_frame   0x0000000000000000      0x7b8 Core/Src/main.o
 .debug_frame   0x00000000000007b8      0x130 Core/Src/stm32f3xx_it.o
 .debug_frame   0x00000000000008e8       0x58 Core/Src/system_stm32f3xx.o
 .debug_frame   0x0000000000000940       0xf8 Drivers/STM32F3xx_HAL_Driver/Src/stm32f3xx_ll_dac.o
 .debug_frame   0x0000000000000a38      0x1c0 Drivers/STM32F3xx_HAL_Driver/Src/stm32f3xx_ll_gpio.o
 .debug_frame   0x0000000000000bf8      0x408 Drivers/STM32F3xx_HAL_Driver/Src/stm32f3xx_ll_rcc.o
 .debug_frame   0x0000000000001000      0x5d0 Drivers/STM32F3xx_HAL_Driver/Src/stm32f3xx_ll_tim.o
 .debug_frame   0x00000000000015d0      0x234 Drivers/STM32F3xx_HAL_Driver/Src/stm32f3xx_ll_usart.o
 .debug_frame   0x0000000000001804      0x3dc Drivers/STM32F3xx_HAL_Driver/Src/stm32f3xx_ll_utils.o
 .debug_frame   0x0000000000001be0       0x2c /opt/st/stm32cubeide_1.1.0/plugins/com.st.stm32cube.ide.mcu.externaltools.gnu-tools-for-stm32.7-2018-q2-update.linux64_1.0.0.201904181610/tools/bin/../lib/gcc/arm-none-eabi/7.3.1/../../../../arm-none-eabi/lib/thumb/v7e-m/fpv4-sp/hard/libc_nano.a(lib_a-init.o)
