Archive member included to satisfy reference by file (symbol)

/opt/st/stm32cubeide_1.1.0/plugins/com.st.stm32cube.ide.mcu.externaltools.gnu-tools-for-stm32.7-2018-q2-update.linux64_1.0.0.201904181610/tools/bin/../lib/gcc/arm-none-eabi/7.3.1/../../../../arm-none-eabi/lib/thumb/v7e-m/fpv4-sp/hard/libc_nano.a(lib_a-errno.o)
                              Core/Src/syscalls.o (__errno)
/opt/st/stm32cubeide_1.1.0/plugins/com.st.stm32cube.ide.mcu.externaltools.gnu-tools-for-stm32.7-2018-q2-update.linux64_1.0.0.201904181610/tools/bin/../lib/gcc/arm-none-eabi/7.3.1/../../../../arm-none-eabi/lib/thumb/v7e-m/fpv4-sp/hard/libc_nano.a(lib_a-exit.o)
                              /opt/st/stm32cubeide_1.1.0/plugins/com.st.stm32cube.ide.mcu.externaltools.gnu-tools-for-stm32.7-2018-q2-update.linux64_1.0.0.201904181610/tools/bin/../lib/gcc/arm-none-eabi/7.3.1/../../../../arm-none-eabi/lib/thumb/v7e-m/fpv4-sp/hard/crt0.o (exit)
/opt/st/stm32cubeide_1.1.0/plugins/com.st.stm32cube.ide.mcu.externaltools.gnu-tools-for-stm32.7-2018-q2-update.linux64_1.0.0.201904181610/tools/bin/../lib/gcc/arm-none-eabi/7.3.1/../../../../arm-none-eabi/lib/thumb/v7e-m/fpv4-sp/hard/libc_nano.a(lib_a-impure.o)
                              /opt/st/stm32cubeide_1.1.0/plugins/com.st.stm32cube.ide.mcu.externaltools.gnu-tools-for-stm32.7-2018-q2-update.linux64_1.0.0.201904181610/tools/bin/../lib/gcc/arm-none-eabi/7.3.1/../../../../arm-none-eabi/lib/thumb/v7e-m/fpv4-sp/hard/libc_nano.a(lib_a-exit.o) (_global_impure_ptr)
/opt/st/stm32cubeide_1.1.0/plugins/com.st.stm32cube.ide.mcu.externaltools.gnu-tools-for-stm32.7-2018-q2-update.linux64_1.0.0.201904181610/tools/bin/../lib/gcc/arm-none-eabi/7.3.1/../../../../arm-none-eabi/lib/thumb/v7e-m/fpv4-sp/hard/libc_nano.a(lib_a-init.o)
                              /opt/st/stm32cubeide_1.1.0/plugins/com.st.stm32cube.ide.mcu.externaltools.gnu-tools-for-stm32.7-2018-q2-update.linux64_1.0.0.201904181610/tools/bin/../lib/gcc/arm-none-eabi/7.3.1/../../../../arm-none-eabi/lib/thumb/v7e-m/fpv4-sp/hard/crt0.o (__libc_init_array)
/opt/st/stm32cubeide_1.1.0/plugins/com.st.stm32cube.ide.mcu.externaltools.gnu-tools-for-stm32.7-2018-q2-update.linux64_1.0.0.201904181610/tools/bin/../lib/gcc/arm-none-eabi/7.3.1/../../../../arm-none-eabi/lib/thumb/v7e-m/fpv4-sp/hard/libc_nano.a(lib_a-memset.o)
                              /opt/st/stm32cubeide_1.1.0/plugins/com.st.stm32cube.ide.mcu.externaltools.gnu-tools-for-stm32.7-2018-q2-update.linux64_1.0.0.201904181610/tools/bin/../lib/gcc/arm-none-eabi/7.3.1/../../../../arm-none-eabi/lib/thumb/v7e-m/fpv4-sp/hard/crt0.o (memset)

Allocating common symbols
Common symbol       size              file

samplerate          0x4               Core/Src/main.o

Discarded input sections

 .text          0x0000000000000000        0x0 /opt/st/stm32cubeide_1.1.0/plugins/com.st.stm32cube.ide.mcu.externaltools.gnu-tools-for-stm32.7-2018-q2-update.linux64_1.0.0.201904181610/tools/bin/../lib/gcc/arm-none-eabi/7.3.1/thumb/v7e-m/fpv4-sp/hard/crti.o
 .data          0x0000000000000000        0x0 /opt/st/stm32cubeide_1.1.0/plugins/com.st.stm32cube.ide.mcu.externaltools.gnu-tools-for-stm32.7-2018-q2-update.linux64_1.0.0.201904181610/tools/bin/../lib/gcc/arm-none-eabi/7.3.1/thumb/v7e-m/fpv4-sp/hard/crti.o
 .bss           0x0000000000000000        0x0 /opt/st/stm32cubeide_1.1.0/plugins/com.st.stm32cube.ide.mcu.externaltools.gnu-tools-for-stm32.7-2018-q2-update.linux64_1.0.0.201904181610/tools/bin/../lib/gcc/arm-none-eabi/7.3.1/thumb/v7e-m/fpv4-sp/hard/crti.o
 .data          0x0000000000000000        0x4 /opt/st/stm32cubeide_1.1.0/plugins/com.st.stm32cube.ide.mcu.externaltools.gnu-tools-for-stm32.7-2018-q2-update.linux64_1.0.0.201904181610/tools/bin/../lib/gcc/arm-none-eabi/7.3.1/thumb/v7e-m/fpv4-sp/hard/crtbegin.o
 .text          0x0000000000000000       0x74 /opt/st/stm32cubeide_1.1.0/plugins/com.st.stm32cube.ide.mcu.externaltools.gnu-tools-for-stm32.7-2018-q2-update.linux64_1.0.0.201904181610/tools/bin/../lib/gcc/arm-none-eabi/7.3.1/../../../../arm-none-eabi/lib/thumb/v7e-m/fpv4-sp/hard/crt0.o
 .data          0x0000000000000000        0x0 /opt/st/stm32cubeide_1.1.0/plugins/com.st.stm32cube.ide.mcu.externaltools.gnu-tools-for-stm32.7-2018-q2-update.linux64_1.0.0.201904181610/tools/bin/../lib/gcc/arm-none-eabi/7.3.1/../../../../arm-none-eabi/lib/thumb/v7e-m/fpv4-sp/hard/crt0.o
 .bss           0x0000000000000000        0x0 /opt/st/stm32cubeide_1.1.0/plugins/com.st.stm32cube.ide.mcu.externaltools.gnu-tools-for-stm32.7-2018-q2-update.linux64_1.0.0.201904181610/tools/bin/../lib/gcc/arm-none-eabi/7.3.1/../../../../arm-none-eabi/lib/thumb/v7e-m/fpv4-sp/hard/crt0.o
 .ARM.extab     0x0000000000000000        0x0 /opt/st/stm32cubeide_1.1.0/plugins/com.st.stm32cube.ide.mcu.externaltools.gnu-tools-for-stm32.7-2018-q2-update.linux64_1.0.0.201904181610/tools/bin/../lib/gcc/arm-none-eabi/7.3.1/../../../../arm-none-eabi/lib/thumb/v7e-m/fpv4-sp/hard/crt0.o
[...]
Memory Configuration

Name             Origin             Length             Attributes
CCMRAM           0x0000000010000000 0x0000000000001000 xrw
RAM              0x0000000020000000 0x0000000000003000 xrw
FLASH            0x0000000008000000 0x0000000000010000 xr
*default*        0x0000000000000000 0xffffffffffffffff

Linker script and memory map

LOAD /opt/st/stm32cubeide_1.1.0/plugins/com.st.stm32cube.ide.mcu.externaltools.gnu-tools-for-stm32.7-2018-q2-update.linux64_1.0.0.201904181610/tools/bin/../lib/gcc/arm-none-eabi/7.3.1/thumb/v7e-m/fpv4-sp/hard/crti.o
LOAD /opt/st/stm32cubeide_1.1.0/plugins/com.st.stm32cube.ide.mcu.externaltools.gnu-tools-for-stm32.7-2018-q2-update.linux64_1.0.0.201904181610/tools/bin/../lib/gcc/arm-none-eabi/7.3.1/thumb/v7e-m/fpv4-sp/hard/crtbegin.o
LOAD /opt/st/stm32cubeide_1.1.0/plugins/com.st.stm32cube.ide.mcu.externaltools.gnu-tools-for-stm32.7-2018-q2-update.linux64_1.0.0.201904181610/tools/bin/../lib/gcc/arm-none-eabi/7.3.1/../../../../arm-none-eabi/lib/thumb/v7e-m/fpv4-sp/hard/crt0.o
LOAD Core/Src/arm_common_tables.o
LOAD Core/Src/arm_const_structs.o
LOAD Core/Src/arm_sin_q15.o
LOAD Core/Src/main.o
LOAD Core/Src/stm32f3xx_it.o
LOAD Core/Src/syscalls.o
LOAD Core/Src/sysmem.o
LOAD Core/Src/system_stm32f3xx.o
LOAD Core/Startup/startup_stm32f303k8tx.o
LOAD Drivers/STM32F3xx_HAL_Driver/Src/stm32f3xx_ll_dac.o
LOAD Drivers/STM32F3xx_HAL_Driver/Src/stm32f3xx_ll_dma.o
LOAD Drivers/STM32F3xx_HAL_Driver/Src/stm32f3xx_ll_exti.o
LOAD Drivers/STM32F3xx_HAL_Driver/Src/stm32f3xx_ll_gpio.o
LOAD Drivers/STM32F3xx_HAL_Driver/Src/stm32f3xx_ll_rcc.o
LOAD Drivers/STM32F3xx_HAL_Driver/Src/stm32f3xx_ll_tim.o
LOAD Drivers/STM32F3xx_HAL_Driver/Src/stm32f3xx_ll_usart.o
LOAD Drivers/STM32F3xx_HAL_Driver/Src/stm32f3xx_ll_utils.o
START GROUP
LOAD /opt/st/stm32cubeide_1.1.0/plugins/com.st.stm32cube.ide.mcu.externaltools.gnu-tools-for-stm32.7-2018-q2-update.linux64_1.0.0.201904181610/tools/bin/../lib/gcc/arm-none-eabi/7.3.1/../../../../arm-none-eabi/lib/thumb/v7e-m/fpv4-sp/hard/libc_nano.a
LOAD /opt/st/stm32cubeide_1.1.0/plugins/com.st.stm32cube.ide.mcu.externaltools.gnu-tools-for-stm32.7-2018-q2-update.linux64_1.0.0.201904181610/tools/bin/../lib/gcc/arm-none-eabi/7.3.1/../../../../arm-none-eabi/lib/thumb/v7e-m/fpv4-sp/hard/libm.a
END GROUP
START GROUP
LOAD /opt/st/stm32cubeide_1.1.0/plugins/com.st.stm32cube.ide.mcu.externaltools.gnu-tools-for-stm32.7-2018-q2-update.linux64_1.0.0.201904181610/tools/bin/../lib/gcc/arm-none-eabi/7.3.1/thumb/v7e-m/fpv4-sp/hard/libgcc.a
LOAD /opt/st/stm32cubeide_1.1.0/plugins/com.st.stm32cube.ide.mcu.externaltools.gnu-tools-for-stm32.7-2018-q2-update.linux64_1.0.0.201904181610/tools/bin/../lib/gcc/arm-none-eabi/7.3.1/../../../../arm-none-eabi/lib/thumb/v7e-m/fpv4-sp/hard/libc_nano.a
END GROUP
START GROUP
LOAD /opt/st/stm32cubeide_1.1.0/plugins/com.st.stm32cube.ide.mcu.externaltools.gnu-tools-for-stm32.7-2018-q2-update.linux64_1.0.0.201904181610/tools/bin/../lib/gcc/arm-none-eabi/7.3.1/thumb/v7e-m/fpv4-sp/hard/libgcc.a
LOAD /opt/st/stm32cubeide_1.1.0/plugins/com.st.stm32cube.ide.mcu.externaltools.gnu-tools-for-stm32.7-2018-q2-update.linux64_1.0.0.201904181610/tools/bin/../lib/gcc/arm-none-eabi/7.3.1/../../../../arm-none-eabi/lib/thumb/v7e-m/fpv4-sp/hard/libc_nano.a
LOAD /opt/st/stm32cubeide_1.1.0/plugins/com.st.stm32cube.ide.mcu.externaltools.gnu-tools-for-stm32.7-2018-q2-update.linux64_1.0.0.201904181610/tools/bin/../lib/gcc/arm-none-eabi/7.3.1/../../../../arm-none-eabi/lib/thumb/v7e-m/fpv4-sp/hard/libnosys.a
END GROUP
START GROUP
LOAD /opt/st/stm32cubeide_1.1.0/plugins/com.st.stm32cube.ide.mcu.externaltools.gnu-tools-for-stm32.7-2018-q2-update.linux64_1.0.0.201904181610/tools/bin/../lib/gcc/arm-none-eabi/7.3.1/thumb/v7e-m/fpv4-sp/hard/libgcc.a
LOAD /opt/st/stm32cubeide_1.1.0/plugins/com.st.stm32cube.ide.mcu.externaltools.gnu-tools-for-stm32.7-2018-q2-update.linux64_1.0.0.201904181610/tools/bin/../lib/gcc/arm-none-eabi/7.3.1/../../../../arm-none-eabi/lib/thumb/v7e-m/fpv4-sp/hard/libc_nano.a
LOAD /opt/st/stm32cubeide_1.1.0/plugins/com.st.stm32cube.ide.mcu.externaltools.gnu-tools-for-stm32.7-2018-q2-update.linux64_1.0.0.201904181610/tools/bin/../lib/gcc/arm-none-eabi/7.3.1/../../../../arm-none-eabi/lib/thumb/v7e-m/fpv4-sp/hard/libnosys.a
END GROUP
LOAD /opt/st/stm32cubeide_1.1.0/plugins/com.st.stm32cube.ide.mcu.externaltools.gnu-tools-for-stm32.7-2018-q2-update.linux64_1.0.0.201904181610/tools/bin/../lib/gcc/arm-none-eabi/7.3.1/thumb/v7e-m/fpv4-sp/hard/crtend.o
LOAD /opt/st/stm32cubeide_1.1.0/plugins/com.st.stm32cube.ide.mcu.externaltools.gnu-tools-for-stm32.7-2018-q2-update.linux64_1.0.0.201904181610/tools/bin/../lib/gcc/arm-none-eabi/7.3.1/thumb/v7e-m/fpv4-sp/hard/crtn.o
                0x0000000020003000                _estack = (ORIGIN (RAM) + LENGTH (RAM))
                0x0000000000000200                _Min_Heap_Size = 0x200
                0x0000000000000400                _Min_Stack_Size = 0x400

.isr_vector     0x0000000008000000      0x188
                0x0000000008000000                . = ALIGN (0x4)
 *(.isr_vector)
 .isr_vector    0x0000000008000000      0x188 Core/Startup/startup_stm32f303k8tx.o
                0x0000000008000000                g_pfnVectors
                0x0000000008000188                . = ALIGN (0x4)

.text           0x0000000008000188     0x1de0
                0x0000000008000188                . = ALIGN (0x4)
 *(.text)
 .text          0x0000000008000188       0x40 /opt/st/stm32cubeide_1.1.0/plugins/com.st.stm32cube.ide.mcu.externaltools.gnu-tools-for-stm32.7-2018-q2-update.linux64_1.0.0.201904181610/tools/bin/../lib/gcc/arm-none-eabi/7.3.1/thumb/v7e-m/fpv4-sp/hard/crtbegin.o
 *(.text*)
 .text.arm_sin_q15
                0x00000000080001c8       0x7c Core/Src/arm_sin_q15.o
                0x00000000080001c8                arm_sin_q15
 .text.__NVIC_SetPriorityGrouping
                0x0000000008000244       0x48 Core/Src/main.o
 .text.__NVIC_GetPriorityGrouping
                0x000000000800028c       0x1c Core/Src/main.o
 .text.__NVIC_EnableIRQ
                0x00000000080002a8       0x3c Core/Src/main.o
 .text.__NVIC_SetPriority
                0x00000000080002e4       0x54 Core/Src/main.o
 .text.NVIC_EncodePriority
                0x0000000008000338       0x66 Core/Src/main.o
 .text.LL_DAC_EnableDMAReq
                0x000000000800039e       0x2e Core/Src/main.o
 .text.LL_DAC_DMA_GetRegAddr
                0x00000000080003cc       0x3e Core/Src/main.o
 .text.LL_DAC_Enable
                0x000000000800040a       0x2c Core/Src/main.o
 .text.LL_DAC_EnableTrigger
                0x0000000008000436       0x2c Core/Src/main.o
 *fill*         0x0000000008000462        0x2 
 .text.LL_DMA_EnableChannel
                0x0000000008000464       0x40 Core/Src/main.o
 .text.LL_DMA_SetDataTransferDirection
                0x00000000080004a4       0x4c Core/Src/main.o
 .text.LL_DMA_SetMode
                0x00000000080004f0       0x48 Core/Src/main.o
 .text.LL_DMA_SetPeriphIncMode
                0x0000000008000538       0x48 Core/Src/main.o
 .text.LL_DMA_SetMemoryIncMode
                0x0000000008000580       0x48 Core/Src/main.o
 .text.LL_DMA_SetPeriphSize
                0x00000000080005c8       0x48 Core/Src/main.o
 .text.LL_DMA_SetMemorySize
                0x0000000008000610       0x48 Core/Src/main.o
 .text.LL_DMA_SetChannelPriorityLevel
                0x0000000008000658       0x48 Core/Src/main.o
 .text.LL_DMA_SetDataLength
                0x00000000080006a0       0x48 Core/Src/main.o
 .text.LL_DMA_ConfigAddresses
                0x00000000080006e8       0x78 Core/Src/main.o
 .text.LL_DMA_EnableIT_TC
                0x0000000008000760       0x40 Core/Src/main.o
 .text.LL_RCC_HSI_Enable
                0x00000000080007a0       0x20 Core/Src/main.o
 .text.LL_RCC_HSI_IsReady
                0x00000000080007c0       0x24 Core/Src/main.o
 .text.LL_RCC_HSI_SetCalibTrimming
                0x00000000080007e4       0x2c Core/Src/main.o
 .text.LL_RCC_SetSysClkSource
                0x0000000008000810       0x28 Core/Src/main.o
 .text.LL_RCC_GetSysClkSource
                0x0000000008000838       0x1c Core/Src/main.o
 .text.LL_RCC_SetAHBPrescaler
                0x0000000008000854       0x28 Core/Src/main.o
 .text.LL_RCC_SetAPB1Prescaler
                0x000000000800087c       0x28 Core/Src/main.o
 .text.LL_RCC_SetAPB2Prescaler
                0x00000000080008a4       0x28 Core/Src/main.o
 .text.LL_RCC_GetTIMClockSource
                0x00000000080008cc       0x30 Core/Src/main.o
 .text.LL_RCC_PLL_Enable
                0x00000000080008fc       0x20 Core/Src/main.o
 .text.LL_RCC_PLL_IsReady
                0x000000000800091c       0x28 Core/Src/main.o
 .text.LL_RCC_PLL_ConfigDomain_SYS
                0x0000000008000944       0x48 Core/Src/main.o
 .text.LL_AHB1_GRP1_EnableClock
                0x000000000800098c       0x30 Core/Src/main.o
 .text.LL_APB1_GRP1_EnableClock
                0x00000000080009bc       0x30 Core/Src/main.o
 .text.LL_APB2_GRP1_EnableClock
                0x00000000080009ec       0x30 Core/Src/main.o
 .text.LL_SYSCFG_SetRemapDMA_DAC
                0x0000000008000a1c       0x34 Core/Src/main.o
 .text.LL_FLASH_SetLatency
                0x0000000008000a50       0x28 Core/Src/main.o
 .text.LL_FLASH_GetLatency
                0x0000000008000a78       0x1c Core/Src/main.o
 .text.LL_SYSTICK_SetClkSource
                0x0000000008000a94       0x38 Core/Src/main.o
 .text.LL_TIM_EnableCounter
                0x0000000008000acc       0x20 Core/Src/main.o
 .text.LL_TIM_EnableARRPreload
                0x0000000008000aec       0x20 Core/Src/main.o
 .text.LL_TIM_DisableARRPreload
                0x0000000008000b0c       0x20 Core/Src/main.o
 .text.LL_TIM_GetPrescaler
                0x0000000008000b2c       0x18 Core/Src/main.o
 .text.LL_TIM_GetAutoReload
                0x0000000008000b44       0x18 Core/Src/main.o
 .text.LL_TIM_SetClockSource
                0x0000000008000b5c       0x2a Core/Src/main.o
 .text.LL_TIM_SetTriggerOutput
                0x0000000008000b86       0x26 Core/Src/main.o
 .text.LL_TIM_DisableMasterSlaveMode
                0x0000000008000bac       0x20 Core/Src/main.o
 .text.LL_USART_Enable
                0x0000000008000bcc       0x20 Core/Src/main.o
 .text.LL_USART_ConfigAsyncMode
                0x0000000008000bec       0x2c Core/Src/main.o
 .text.LL_USART_DisableIT_CTS
                0x0000000008000c18       0x20 Core/Src/main.o
 .text.LL_GPIO_ResetOutputPin
                0x0000000008000c38       0x1c Core/Src/main.o
 .text.main     0x0000000008000c54       0x70 Core/Src/main.o
                0x0000000008000c54                main
 .text.SystemClock_Config
                0x0000000008000cc4       0x88 Core/Src/main.o
                0x0000000008000cc4                SystemClock_Config
 .text.MX_DAC1_Init
                0x0000000008000d4c      0x128 Core/Src/main.o
 .text.MX_TIM2_Init
                0x0000000008000e74       0x6c Core/Src/main.o
 .text.MX_TIM6_Init
                0x0000000008000ee0       0x58 Core/Src/main.o
 .text.MX_USART2_UART_Init
                0x0000000008000f38       0xa8 Core/Src/main.o
 .text.MX_DMA_Init
                0x0000000008000fe0       0x2e Core/Src/main.o
 *fill*         0x000000000800100e        0x2 
 .text.MX_GPIO_Init
                0x0000000008001010       0x60 Core/Src/main.o
 .text.Error_Handler
                0x0000000008001070        0xe Core/Src/main.o
                0x0000000008001070                Error_Handler
 *fill*         0x000000000800107e        0x2 
 .text.LL_DMA_SetMemoryAddress
                0x0000000008001080       0x30 Core/Src/stm32f3xx_it.o
 .text.LL_DMA_IsActiveFlag_TC3
                0x00000000080010b0       0x28 Core/Src/stm32f3xx_it.o
 .text.LL_DMA_ClearFlag_GI3
                0x00000000080010d8       0x1c Core/Src/stm32f3xx_it.o
 .text.LL_DMA_ClearFlag_TC3
                0x00000000080010f4       0x1c Core/Src/stm32f3xx_it.o
 .text.LL_TIM_SetCounter
                0x0000000008001110       0x1c Core/Src/stm32f3xx_it.o
 .text.LL_TIM_GetCounter
                0x000000000800112c       0x18 Core/Src/stm32f3xx_it.o
 .text.NMI_Handler
                0x0000000008001144        0xe Core/Src/stm32f3xx_it.o
                0x0000000008001144                NMI_Handler
 .text.HardFault_Handler
                0x0000000008001152        0x6 Core/Src/stm32f3xx_it.o
                0x0000000008001152                HardFault_Handler
 .text.MemManage_Handler
                0x0000000008001158        0x6 Core/Src/stm32f3xx_it.o
                0x0000000008001158                MemManage_Handler
 .text.BusFault_Handler
                0x000000000800115e        0x6 Core/Src/stm32f3xx_it.o
                0x000000000800115e                BusFault_Handler
 .text.UsageFault_Handler
                0x0000000008001164        0x6 Core/Src/stm32f3xx_it.o
                0x0000000008001164                UsageFault_Handler
 .text.SVC_Handler
                0x000000000800116a        0xe Core/Src/stm32f3xx_it.o
                0x000000000800116a                SVC_Handler
 .text.DebugMon_Handler
                0x0000000008001178        0xe Core/Src/stm32f3xx_it.o
                0x0000000008001178                DebugMon_Handler
 .text.PendSV_Handler
                0x0000000008001186        0xe Core/Src/stm32f3xx_it.o
                0x0000000008001186                PendSV_Handler
 .text.SysTick_Handler
                0x0000000008001194        0xe Core/Src/stm32f3xx_it.o
                0x0000000008001194                SysTick_Handler
 *fill*         0x00000000080011a2        0x2 
 .text.DMA1_Channel3_IRQHandler
                0x00000000080011a4      0x160 Core/Src/stm32f3xx_it.o
                0x00000000080011a4                DMA1_Channel3_IRQHandler
 .text.fcn      0x0000000008001304       0x7c Core/Src/stm32f3xx_it.o
 .text.SystemInit
                0x0000000008001380       0x2c Core/Src/system_stm32f3xx.o
                0x0000000008001380                SystemInit
 .text.Reset_Handler
                0x00000000080013ac       0x50 Core/Startup/startup_stm32f303k8tx.o
                0x00000000080013ac                Reset_Handler
 .text.Default_Handler
                0x00000000080013fc        0x2 Core/Startup/startup_stm32f303k8tx.o
                0x00000000080013fc                RTC_Alarm_IRQHandler
                0x00000000080013fc                TIM1_CC_IRQHandler
                0x00000000080013fc                PVD_IRQHandler
                0x00000000080013fc                TAMP_STAMP_IRQHandler
                0x00000000080013fc                EXTI3_IRQHandler
                0x00000000080013fc                EXTI0_IRQHandler
                0x00000000080013fc                FPU_IRQHandler
                0x00000000080013fc                CAN_TX_IRQHandler
                0x00000000080013fc                TIM1_UP_TIM16_IRQHandler
                0x00000000080013fc                ADC1_2_IRQHandler
                0x00000000080013fc                SPI1_IRQHandler
                0x00000000080013fc                CAN_SCE_IRQHandler
                0x00000000080013fc                DMA1_Channel4_IRQHandler
                0x00000000080013fc                USART3_IRQHandler
                0x00000000080013fc                DMA1_Channel7_IRQHandler
                0x00000000080013fc                TIM7_DAC2_IRQHandler
                0x00000000080013fc                CAN_RX1_IRQHandler
                0x00000000080013fc                I2C1_EV_IRQHandler
                0x00000000080013fc                DMA1_Channel6_IRQHandler
                0x00000000080013fc                TIM3_IRQHandler
                0x00000000080013fc                RCC_IRQHandler
                0x00000000080013fc                DMA1_Channel1_IRQHandler
                0x00000000080013fc                Default_Handler
                0x00000000080013fc                EXTI15_10_IRQHandler
                0x00000000080013fc                COMP2_IRQHandler
                0x00000000080013fc                TIM6_DAC1_IRQHandler
                0x00000000080013fc                EXTI9_5_IRQHandler
                0x00000000080013fc                RTC_WKUP_IRQHandler
                0x00000000080013fc                DMA1_Channel5_IRQHandler
                0x00000000080013fc                EXTI4_IRQHandler
                0x00000000080013fc                TIM1_TRG_COM_TIM17_IRQHandler
                0x00000000080013fc                WWDG_IRQHandler
                0x00000000080013fc                TIM2_IRQHandler
                0x00000000080013fc                EXTI1_IRQHandler
                0x00000000080013fc                COMP4_6_IRQHandler
                0x00000000080013fc                USART2_IRQHandler
                0x00000000080013fc                DMA1_Channel2_IRQHandler
                0x00000000080013fc                FLASH_IRQHandler
                0x00000000080013fc                USART1_IRQHandler
                0x00000000080013fc                CAN_RX0_IRQHandler
                0x00000000080013fc                I2C1_ER_IRQHandler
                0x00000000080013fc                EXTI2_TSC_IRQHandler
                0x00000000080013fc                TIM1_BRK_TIM15_IRQHandler
 .text.LL_DAC_IsEnabled
                0x00000000080013fe       0x3e Drivers/STM32F3xx_HAL_Driver/Src/stm32f3xx_ll_dac.o
 .text.LL_DAC_Init
                0x000000000800143c       0xa2 Drivers/STM32F3xx_HAL_Driver/Src/stm32f3xx_ll_dac.o
                0x000000000800143c                LL_DAC_Init
 .text.LL_GPIO_SetPinMode
                0x00000000080014de       0x5e Drivers/STM32F3xx_HAL_Driver/Src/stm32f3xx_ll_gpio.o
 .text.LL_GPIO_SetPinOutputType
                0x000000000800153c       0x30 Drivers/STM32F3xx_HAL_Driver/Src/stm32f3xx_ll_gpio.o
 .text.LL_GPIO_SetPinSpeed
                0x000000000800156c       0x5e Drivers/STM32F3xx_HAL_Driver/Src/stm32f3xx_ll_gpio.o
 .text.LL_GPIO_SetPinPull
                0x00000000080015ca       0x5e Drivers/STM32F3xx_HAL_Driver/Src/stm32f3xx_ll_gpio.o
 .text.LL_GPIO_SetAFPin_0_7
                0x0000000008001628       0x5e Drivers/STM32F3xx_HAL_Driver/Src/stm32f3xx_ll_gpio.o
 .text.LL_GPIO_SetAFPin_8_15
                0x0000000008001686       0x62 Drivers/STM32F3xx_HAL_Driver/Src/stm32f3xx_ll_gpio.o
 .text.LL_GPIO_Init
                0x00000000080016e8       0xf0 Drivers/STM32F3xx_HAL_Driver/Src/stm32f3xx_ll_gpio.o
                0x00000000080016e8                LL_GPIO_Init
 .text.LL_RCC_HSI_IsReady
                0x00000000080017d8       0x24 Drivers/STM32F3xx_HAL_Driver/Src/stm32f3xx_ll_rcc.o
 .text.LL_RCC_LSE_IsReady
                0x00000000080017fc       0x24 Drivers/STM32F3xx_HAL_Driver/Src/stm32f3xx_ll_rcc.o
 .text.LL_RCC_GetSysClkSource
                0x0000000008001820       0x1c Drivers/STM32F3xx_HAL_Driver/Src/stm32f3xx_ll_rcc.o
 .text.LL_RCC_GetAHBPrescaler
                0x000000000800183c       0x1c Drivers/STM32F3xx_HAL_Driver/Src/stm32f3xx_ll_rcc.o
 .text.LL_RCC_GetAPB1Prescaler
                0x0000000008001858       0x1c Drivers/STM32F3xx_HAL_Driver/Src/stm32f3xx_ll_rcc.o
 .text.LL_RCC_GetAPB2Prescaler
                0x0000000008001874       0x1c Drivers/STM32F3xx_HAL_Driver/Src/stm32f3xx_ll_rcc.o
 .text.LL_RCC_GetUSARTClockSource
                0x0000000008001890       0x2c Drivers/STM32F3xx_HAL_Driver/Src/stm32f3xx_ll_rcc.o
 .text.LL_RCC_GetTIMClockSource
                0x00000000080018bc       0x30 Drivers/STM32F3xx_HAL_Driver/Src/stm32f3xx_ll_rcc.o
 .text.LL_RCC_PLL_GetMainSource
                0x00000000080018ec       0x1c Drivers/STM32F3xx_HAL_Driver/Src/stm32f3xx_ll_rcc.o
 .text.LL_RCC_PLL_GetMultiplicator
                0x0000000008001908       0x1c Drivers/STM32F3xx_HAL_Driver/Src/stm32f3xx_ll_rcc.o
 .text.LL_RCC_PLL_GetPrediv
                0x0000000008001924       0x1c Drivers/STM32F3xx_HAL_Driver/Src/stm32f3xx_ll_rcc.o
 .text.LL_RCC_GetSystemClocksFreq
                0x0000000008001940       0x4a Drivers/STM32F3xx_HAL_Driver/Src/stm32f3xx_ll_rcc.o
                0x0000000008001940                LL_RCC_GetSystemClocksFreq
 *fill*         0x000000000800198a        0x2 
 .text.LL_RCC_GetUSARTClockFreq
                0x000000000800198c       0x80 Drivers/STM32F3xx_HAL_Driver/Src/stm32f3xx_ll_rcc.o
                0x000000000800198c                LL_RCC_GetUSARTClockFreq
 .text.LL_RCC_GetTIMClockFreq
                0x0000000008001a0c       0x46 Drivers/STM32F3xx_HAL_Driver/Src/stm32f3xx_ll_rcc.o
                0x0000000008001a0c                LL_RCC_GetTIMClockFreq
 *fill*         0x0000000008001a52        0x2 
 .text.RCC_GetSystemClockFreq
                0x0000000008001a54       0x44 Drivers/STM32F3xx_HAL_Driver/Src/stm32f3xx_ll_rcc.o
                0x0000000008001a54                RCC_GetSystemClockFreq
 .text.RCC_GetHCLKClockFreq
                0x0000000008001a98       0x2c Drivers/STM32F3xx_HAL_Driver/Src/stm32f3xx_ll_rcc.o
                0x0000000008001a98                RCC_GetHCLKClockFreq
 .text.RCC_GetPCLK1ClockFreq
                0x0000000008001ac4       0x28 Drivers/STM32F3xx_HAL_Driver/Src/stm32f3xx_ll_rcc.o
                0x0000000008001ac4                RCC_GetPCLK1ClockFreq
 .text.RCC_GetPCLK2ClockFreq
                0x0000000008001aec       0x28 Drivers/STM32F3xx_HAL_Driver/Src/stm32f3xx_ll_rcc.o
                0x0000000008001aec                RCC_GetPCLK2ClockFreq
 .text.RCC_PLL_GetFreqDomain_SYS
                0x0000000008001b14       0x7c Drivers/STM32F3xx_HAL_Driver/Src/stm32f3xx_ll_rcc.o
                0x0000000008001b14                RCC_PLL_GetFreqDomain_SYS
 .text.LL_TIM_SetPrescaler
                0x0000000008001b90       0x1c Drivers/STM32F3xx_HAL_Driver/Src/stm32f3xx_ll_tim.o
 .text.LL_TIM_SetAutoReload
                0x0000000008001bac       0x1c Drivers/STM32F3xx_HAL_Driver/Src/stm32f3xx_ll_tim.o
 .text.LL_TIM_SetRepetitionCounter
                0x0000000008001bc8       0x1c Drivers/STM32F3xx_HAL_Driver/Src/stm32f3xx_ll_tim.o
 .text.LL_TIM_GenerateEvent_UPDATE
                0x0000000008001be4       0x20 Drivers/STM32F3xx_HAL_Driver/Src/stm32f3xx_ll_tim.o
 .text.LL_TIM_Init
                0x0000000008001c04       0xe4 Drivers/STM32F3xx_HAL_Driver/Src/stm32f3xx_ll_tim.o
                0x0000000008001c04                LL_TIM_Init
 .text.LL_USART_IsEnabled
                0x0000000008001ce8       0x26 Drivers/STM32F3xx_HAL_Driver/Src/stm32f3xx_ll_usart.o
 .text.LL_USART_SetStopBitsLength
                0x0000000008001d0e       0x26 Drivers/STM32F3xx_HAL_Driver/Src/stm32f3xx_ll_usart.o
 .text.LL_USART_SetHWFlowCtrl
                0x0000000008001d34       0x26 Drivers/STM32F3xx_HAL_Driver/Src/stm32f3xx_ll_usart.o
 .text.LL_USART_SetBaudRate
                0x0000000008001d5a       0x64 Drivers/STM32F3xx_HAL_Driver/Src/stm32f3xx_ll_usart.o
 *fill*         0x0000000008001dbe        0x2 
 .text.LL_USART_Init
                0x0000000008001dc0       0xd8 Drivers/STM32F3xx_HAL_Driver/Src/stm32f3xx_ll_usart.o
                0x0000000008001dc0                LL_USART_Init
 .text.LL_InitTick
                0x0000000008001e98       0x34 Drivers/STM32F3xx_HAL_Driver/Src/stm32f3xx_ll_utils.o
 .text.LL_Init1msTick
                0x0000000008001ecc       0x1a Drivers/STM32F3xx_HAL_Driver/Src/stm32f3xx_ll_utils.o
                0x0000000008001ecc                LL_Init1msTick
 *fill*         0x0000000008001ee6        0x2 
 .text.LL_SetSystemCoreClock
                0x0000000008001ee8       0x20 Drivers/STM32F3xx_HAL_Driver/Src/stm32f3xx_ll_utils.o
                0x0000000008001ee8                LL_SetSystemCoreClock
 .text.__libc_init_array
                0x0000000008001f08       0x48 /opt/st/stm32cubeide_1.1.0/plugins/com.st.stm32cube.ide.mcu.externaltools.gnu-tools-for-stm32.7-2018-q2-update.linux64_1.0.0.201904181610/tools/bin/../lib/gcc/arm-none-eabi/7.3.1/../../../../arm-none-eabi/lib/thumb/v7e-m/fpv4-sp/hard/libc_nano.a(lib_a-init.o)
                0x0000000008001f08                __libc_init_array
 *(.glue_7)
 .glue_7        0x0000000008001f50        0x0 linker stubs
 *(.glue_7t)
 .glue_7t       0x0000000008001f50        0x0 linker stubs
 *(.eh_frame)
 .eh_frame      0x0000000008001f50        0x0 /opt/st/stm32cubeide_1.1.0/plugins/com.st.stm32cube.ide.mcu.externaltools.gnu-tools-for-stm32.7-2018-q2-update.linux64_1.0.0.201904181610/tools/bin/../lib/gcc/arm-none-eabi/7.3.1/thumb/v7e-m/fpv4-sp/hard/crtbegin.o
 *(.init)
 .init          0x0000000008001f50        0x4 /opt/st/stm32cubeide_1.1.0/plugins/com.st.stm32cube.ide.mcu.externaltools.gnu-tools-for-stm32.7-2018-q2-update.linux64_1.0.0.201904181610/tools/bin/../lib/gcc/arm-none-eabi/7.3.1/thumb/v7e-m/fpv4-sp/hard/crti.o
                0x0000000008001f50                _init
 .init          0x0000000008001f54        0x8 /opt/st/stm32cubeide_1.1.0/plugins/com.st.stm32cube.ide.mcu.externaltools.gnu-tools-for-stm32.7-2018-q2-update.linux64_1.0.0.201904181610/tools/bin/../lib/gcc/arm-none-eabi/7.3.1/thumb/v7e-m/fpv4-sp/hard/crtn.o
 *(.fini)
 .fini          0x0000000008001f5c        0x4 /opt/st/stm32cubeide_1.1.0/plugins/com.st.stm32cube.ide.mcu.externaltools.gnu-tools-for-stm32.7-2018-q2-update.linux64_1.0.0.201904181610/tools/bin/../lib/gcc/arm-none-eabi/7.3.1/thumb/v7e-m/fpv4-sp/hard/crti.o
                0x0000000008001f5c                _fini
 .fini          0x0000000008001f60        0x8 /opt/st/stm32cubeide_1.1.0/plugins/com.st.stm32cube.ide.mcu.externaltools.gnu-tools-for-stm32.7-2018-q2-update.linux64_1.0.0.201904181610/tools/bin/../lib/gcc/arm-none-eabi/7.3.1/thumb/v7e-m/fpv4-sp/hard/crtn.o
                0x0000000008001f68                . = ALIGN (0x4)
                0x0000000008001f68                _etext = .

.vfp11_veneer   0x0000000008001f68        0x0
 .vfp11_veneer  0x0000000008001f68        0x0 linker stubs

.v4_bx          0x0000000008001f68        0x0
 .v4_bx         0x0000000008001f68        0x0 linker stubs

.iplt           0x0000000008001f68        0x0
 .iplt          0x0000000008001f68        0x0 /opt/st/stm32cubeide_1.1.0/plugins/com.st.stm32cube.ide.mcu.externaltools.gnu-tools-for-stm32.7-2018-q2-update.linux64_1.0.0.201904181610/tools/bin/../lib/gcc/arm-none-eabi/7.3.1/thumb/v7e-m/fpv4-sp/hard/crtbegin.o

.rodata         0x0000000008001f68      0x42c
                0x0000000008001f68                . = ALIGN (0x4)
 *(.rodata)
 *(.rodata*)
 .rodata.sinTable_q15
                0x0000000008001f68      0x402 Core/Src/arm_common_tables.o
                0x0000000008001f68                sinTable_q15
 *fill*         0x000000000800236a        0x2 
 .rodata.CHANNEL_OFFSET_TAB
                0x000000000800236c        0x7 Core/Src/main.o
 *fill*         0x0000000008002373        0x1 
 .rodata.CHANNEL_OFFSET_TAB
                0x0000000008002374        0x7 Core/Src/stm32f3xx_it.o
 *fill*         0x000000000800237b        0x1 
 .rodata.AHBPrescTable
                0x000000000800237c       0x10 Core/Src/system_stm32f3xx.o
                0x000000000800237c                AHBPrescTable
 .rodata.APBPrescTable
                0x000000000800238c        0x8 Core/Src/system_stm32f3xx.o
                0x000000000800238c                APBPrescTable
                0x0000000008002394                . = ALIGN (0x4)

.rel.dyn        0x0000000008002394        0x0
 .rel.iplt      0x0000000008002394        0x0 /opt/st/stm32cubeide_1.1.0/plugins/com.st.stm32cube.ide.mcu.externaltools.gnu-tools-for-stm32.7-2018-q2-update.linux64_1.0.0.201904181610/tools/bin/../lib/gcc/arm-none-eabi/7.3.1/thumb/v7e-m/fpv4-sp/hard/crtbegin.o

.ARM.extab      0x0000000008002394        0x0
                0x0000000008002394                . = ALIGN (0x4)
 *(.ARM.extab* .gnu.linkonce.armextab.*)
                0x0000000008002394                . = ALIGN (0x4)

.ARM            0x0000000008002394        0x0
                0x0000000008002394                . = ALIGN (0x4)
                0x0000000008002394                __exidx_start = .
 *(.ARM.exidx*)
                0x0000000008002394                __exidx_end = .
                0x0000000008002394                . = ALIGN (0x4)

.preinit_array  0x0000000008002394        0x0
                0x0000000008002394                . = ALIGN (0x4)
                0x0000000008002394                PROVIDE (__preinit_array_start = .)
 *(.preinit_array*)
                0x0000000008002394                PROVIDE (__preinit_array_end = .)
                0x0000000008002394                . = ALIGN (0x4)

.init_array     0x0000000008002394        0x4
                0x0000000008002394                . = ALIGN (0x4)
                0x0000000008002394                PROVIDE (__init_array_start = .)
 *(SORT_BY_NAME(.init_array.*))
 *(.init_array*)
 .init_array    0x0000000008002394        0x4 /opt/st/stm32cubeide_1.1.0/plugins/com.st.stm32cube.ide.mcu.externaltools.gnu-tools-for-stm32.7-2018-q2-update.linux64_1.0.0.201904181610/tools/bin/../lib/gcc/arm-none-eabi/7.3.1/thumb/v7e-m/fpv4-sp/hard/crtbegin.o
                0x0000000008002398                PROVIDE (__init_array_end = .)
                0x0000000008002398                . = ALIGN (0x4)

.fini_array     0x0000000008002398        0x4
                0x0000000008002398                . = ALIGN (0x4)
                [!provide]                        PROVIDE (__fini_array_start = .)
 *(SORT_BY_NAME(.fini_array.*))
 *(.fini_array*)
 .fini_array    0x0000000008002398        0x4 /opt/st/stm32cubeide_1.1.0/plugins/com.st.stm32cube.ide.mcu.externaltools.gnu-tools-for-stm32.7-2018-q2-update.linux64_1.0.0.201904181610/tools/bin/../lib/gcc/arm-none-eabi/7.3.1/thumb/v7e-m/fpv4-sp/hard/crtbegin.o
                [!provide]                        PROVIDE (__fini_array_end = .)
                0x000000000800239c                . = ALIGN (0x4)
                0x000000000800239c                _sidata = LOADADDR (.data)

.data           0x0000000020000000       0x10 load address 0x000000000800239c
                0x0000000020000000                . = ALIGN (0x4)
                0x0000000020000000                _sdata = .
 *(.data)
 *(.data*)
 .data.phase2   0x0000000020000000        0x2 Core/Src/stm32f3xx_it.o
 .data.freq     0x0000000020000002        0x2 Core/Src/stm32f3xx_it.o
 .data.f_max    0x0000000020000004        0x2 Core/Src/stm32f3xx_it.o
 .data.f_min    0x0000000020000006        0x2 Core/Src/stm32f3xx_it.o
 .data.finc     0x0000000020000008        0x2 Core/Src/stm32f3xx_it.o
 *fill*         0x000000002000000a        0x2 
 .data.SystemCoreClock
                0x000000002000000c        0x4 Core/Src/system_stm32f3xx.o
                0x000000002000000c                SystemCoreClock
                0x0000000020000010                . = ALIGN (0x4)
                0x0000000020000010                _edata = .

.igot.plt       0x0000000020000010        0x0 load address 0x00000000080023ac
 .igot.plt      0x0000000020000010        0x0 /opt/st/stm32cubeide_1.1.0/plugins/com.st.stm32cube.ide.mcu.externaltools.gnu-tools-for-stm32.7-2018-q2-update.linux64_1.0.0.201904181610/tools/bin/../lib/gcc/arm-none-eabi/7.3.1/thumb/v7e-m/fpv4-sp/hard/crtbegin.o
                0x0000000020000010                . = ALIGN (0x4)

.bss            0x0000000020000010     0x2030 load address 0x00000000080023ac
                0x0000000020000010                _sbss = .
                0x0000000020000010                __bss_start__ = _sbss
 *(.bss)
 .bss           0x0000000020000010       0x1c /opt/st/stm32cubeide_1.1.0/plugins/com.st.stm32cube.ide.mcu.externaltools.gnu-tools-for-stm32.7-2018-q2-update.linux64_1.0.0.201904181610/tools/bin/../lib/gcc/arm-none-eabi/7.3.1/thumb/v7e-m/fpv4-sp/hard/crtbegin.o
 *(.bss*)
 *fill*         0x000000002000002c        0x4 
 .bss.dac_buf0  0x0000000020000030     0x1000 Core/Src/main.o
                0x0000000020000030                dac_buf0
 .bss.dac_buf1  0x0000000020001030     0x1000 Core/Src/main.o
                0x0000000020001030                dac_buf1
 .bss.half      0x0000000020002030        0x4 Core/Src/stm32f3xx_it.o
 .bss.phase     0x0000000020002034        0x2 Core/Src/stm32f3xx_it.o
 *fill*         0x0000000020002036        0x2 
 .bss.tim_cnt   0x0000000020002038        0x4 Core/Src/stm32f3xx_it.o
                0x0000000020002038                tim_cnt
 *(COMMON)
 COMMON         0x000000002000203c        0x4 Core/Src/main.o
                0x000000002000203c                samplerate
                0x0000000020002040                . = ALIGN (0x4)
                0x0000000020002040                _ebss = .
                0x0000000020002040                __bss_end__ = _ebss

._user_heap_stack
                0x0000000020002040      0x600 load address 0x00000000080023ac
                0x0000000020002040                . = ALIGN (0x8)
                0x0000000020002040                PROVIDE (end = .)
                [!provide]                        PROVIDE (_end = .)
                0x0000000020002240                . = (. + _Min_Heap_Size)
 *fill*         0x0000000020002040      0x200 
                0x0000000020002640                . = (. + _Min_Stack_Size)
 *fill*         0x0000000020002240      0x400 
                0x0000000020002640                . = ALIGN (0x8)

/DISCARD/
 libc.a(*)
 libm.a(*)
 libgcc.a(*)

.ARM.attributes
                0x0000000000000000       0x30
 *(.ARM.attributes)
 .ARM.attributes
                0x0000000000000000       0x22 /opt/st/stm32cubeide_1.1.0/plugins/com.st.stm32cube.ide.mcu.externaltools.gnu-tools-for-stm32.7-2018-q2-update.linux64_1.0.0.201904181610/tools/bin/../lib/gcc/arm-none-eabi/7.3.1/thumb/v7e-m/fpv4-sp/hard/crti.o
 .ARM.attributes
                0x0000000000000022       0x34 /opt/st/stm32cubeide_1.1.0/plugins/com.st.stm32cube.ide.mcu.externaltools.gnu-tools-for-stm32.7-2018-q2-update.linux64_1.0.0.201904181610/tools/bin/../lib/gcc/arm-none-eabi/7.3.1/thumb/v7e-m/fpv4-sp/hard/crtbegin.o
 .ARM.attributes
                0x0000000000000056       0x39 Core/Src/arm_common_tables.o
 .ARM.attributes
                0x000000000000008f       0x39 Core/Src/arm_sin_q15.o
 .ARM.attributes
                0x00000000000000c8       0x39 Core/Src/main.o
 .ARM.attributes
                0x0000000000000101       0x39 Core/Src/stm32f3xx_it.o
 .ARM.attributes
                0x000000000000013a       0x39 Core/Src/system_stm32f3xx.o
 .ARM.attributes
                0x0000000000000173       0x21 Core/Startup/startup_stm32f303k8tx.o
 .ARM.attributes
                0x0000000000000194       0x39 Drivers/STM32F3xx_HAL_Driver/Src/stm32f3xx_ll_dac.o
 .ARM.attributes
                0x00000000000001cd       0x39 Drivers/STM32F3xx_HAL_Driver/Src/stm32f3xx_ll_gpio.o
 .ARM.attributes
                0x0000000000000206       0x39 Drivers/STM32F3xx_HAL_Driver/Src/stm32f3xx_ll_rcc.o
 .ARM.attributes
                0x000000000000023f       0x39 Drivers/STM32F3xx_HAL_Driver/Src/stm32f3xx_ll_tim.o
 .ARM.attributes
                0x0000000000000278       0x39 Drivers/STM32F3xx_HAL_Driver/Src/stm32f3xx_ll_usart.o
 .ARM.attributes
                0x00000000000002b1       0x39 Drivers/STM32F3xx_HAL_Driver/Src/stm32f3xx_ll_utils.o
 .ARM.attributes
                0x00000000000002ea       0x34 /opt/st/stm32cubeide_1.1.0/plugins/com.st.stm32cube.ide.mcu.externaltools.gnu-tools-for-stm32.7-2018-q2-update.linux64_1.0.0.201904181610/tools/bin/../lib/gcc/arm-none-eabi/7.3.1/../../../../arm-none-eabi/lib/thumb/v7e-m/fpv4-sp/hard/libc_nano.a(lib_a-init.o)
 .ARM.attributes
                0x000000000000031e       0x22 /opt/st/stm32cubeide_1.1.0/plugins/com.st.stm32cube.ide.mcu.externaltools.gnu-tools-for-stm32.7-2018-q2-update.linux64_1.0.0.201904181610/tools/bin/../lib/gcc/arm-none-eabi/7.3.1/thumb/v7e-m/fpv4-sp/hard/crtn.o
OUTPUT(stm32f303k8_daq.elf elf32-littlearm)

.debug_info     0x0000000000000000     0x89af
 .debug_info    0x0000000000000000     0x1320 Core/Src/arm_common_tables.o
 .debug_info    0x0000000000001320     0x106b Core/Src/arm_sin_q15.o
 .debug_info    0x000000000000238b     0x21ac Core/Src/main.o
 .debug_info    0x0000000000004537      0xecb Core/Src/stm32f3xx_it.o
 .debug_info    0x0000000000005402      0x400 Core/Src/system_stm32f3xx.o
 .debug_info    0x0000000000005802       0x22 Core/Startup/startup_stm32f303k8tx.o
 .debug_info    0x0000000000005824      0x436 Drivers/STM32F3xx_HAL_Driver/Src/stm32f3xx_ll_dac.o
 .debug_info    0x0000000000005c5a      0x7e2 Drivers/STM32F3xx_HAL_Driver/Src/stm32f3xx_ll_gpio.o
 .debug_info    0x000000000000643c      0x704 Drivers/STM32F3xx_HAL_Driver/Src/stm32f3xx_ll_rcc.o
 .debug_info    0x0000000000006b40      0xf9d Drivers/STM32F3xx_HAL_Driver/Src/stm32f3xx_ll_tim.o
 .debug_info    0x0000000000007add      0x6bf Drivers/STM32F3xx_HAL_Driver/Src/stm32f3xx_ll_usart.o
 .debug_info    0x000000000000819c      0x813 Drivers/STM32F3xx_HAL_Driver/Src/stm32f3xx_ll_utils.o

.debug_abbrev   0x0000000000000000     0x16ca
 .debug_abbrev  0x0000000000000000      0x1a0 Core/Src/arm_common_tables.o
 .debug_abbrev  0x00000000000001a0      0x1d1 Core/Src/arm_sin_q15.o
 .debug_abbrev  0x0000000000000371      0x398 Core/Src/main.o
 .debug_abbrev  0x0000000000000709      0x28d Core/Src/stm32f3xx_it.o
 .debug_abbrev  0x0000000000000996      0x111 Core/Src/system_stm32f3xx.o
 .debug_abbrev  0x0000000000000aa7       0x12 Core/Startup/startup_stm32f303k8tx.o
 .debug_abbrev  0x0000000000000ab9      0x186 Drivers/STM32F3xx_HAL_Driver/Src/stm32f3xx_ll_dac.o
 .debug_abbrev  0x0000000000000c3f      0x212 Drivers/STM32F3xx_HAL_Driver/Src/stm32f3xx_ll_gpio.o
 .debug_abbrev  0x0000000000000e51      0x238 Drivers/STM32F3xx_HAL_Driver/Src/stm32f3xx_ll_rcc.o
 .debug_abbrev  0x0000000000001089      0x1ff Drivers/STM32F3xx_HAL_Driver/Src/stm32f3xx_ll_tim.o
 .debug_abbrev  0x0000000000001288      0x1b1 Drivers/STM32F3xx_HAL_Driver/Src/stm32f3xx_ll_usart.o
 .debug_abbrev  0x0000000000001439      0x291 Drivers/STM32F3xx_HAL_Driver/Src/stm32f3xx_ll_utils.o

.debug_aranges  0x0000000000000000      0x798
 .debug_aranges
                0x0000000000000000       0x18 Core/Src/arm_common_tables.o
 .debug_aranges
                0x0000000000000018       0x20 Core/Src/arm_sin_q15.o
 .debug_aranges
                0x0000000000000038      0x1f8 Core/Src/main.o
 .debug_aranges
                0x0000000000000230       0xa0 Core/Src/stm32f3xx_it.o
 .debug_aranges
                0x00000000000002d0       0x28 Core/Src/system_stm32f3xx.o
 .debug_aranges
                0x00000000000002f8       0x28 Core/Startup/startup_stm32f303k8tx.o
 .debug_aranges
                0x0000000000000320       0x48 Drivers/STM32F3xx_HAL_Driver/Src/stm32f3xx_ll_dac.o
 .debug_aranges
                0x0000000000000368       0x70 Drivers/STM32F3xx_HAL_Driver/Src/stm32f3xx_ll_gpio.o
 .debug_aranges
                0x00000000000003d8      0x100 Drivers/STM32F3xx_HAL_Driver/Src/stm32f3xx_ll_rcc.o
 .debug_aranges
                0x00000000000004d8      0x148 Drivers/STM32F3xx_HAL_Driver/Src/stm32f3xx_ll_tim.o
 .debug_aranges
                0x0000000000000620       0x88 Drivers/STM32F3xx_HAL_Driver/Src/stm32f3xx_ll_usart.o
 .debug_aranges
                0x00000000000006a8       0xf0 Drivers/STM32F3xx_HAL_Driver/Src/stm32f3xx_ll_utils.o

.debug_macro    0x0000000000000000    0x1729f
 .debug_macro   0x0000000000000000      0x191 Core/Src/arm_common_tables.o
 .debug_macro   0x0000000000000191      0xaa2 Core/Src/arm_common_tables.o
 .debug_macro   0x0000000000000c33       0x12 Core/Src/arm_common_tables.o
 .debug_macro   0x0000000000000c45       0x22 Core/Src/arm_common_tables.o
 .debug_macro   0x0000000000000c67       0x8e Core/Src/arm_common_tables.o
 .debug_macro   0x0000000000000cf5       0x51 Core/Src/arm_common_tables.o
 .debug_macro   0x0000000000000d46       0xef Core/Src/arm_common_tables.o
 .debug_macro   0x0000000000000e35       0x6a Core/Src/arm_common_tables.o
 .debug_macro   0x0000000000000e9f      0x1df Core/Src/arm_common_tables.o
 .debug_macro   0x000000000000107e       0x1c Core/Src/arm_common_tables.o
 .debug_macro   0x000000000000109a       0x22 Core/Src/arm_common_tables.o
 .debug_macro   0x00000000000010bc       0xdf Core/Src/arm_common_tables.o
 .debug_macro   0x000000000000119b       0x12 Core/Src/arm_common_tables.o
 .debug_macro   0x00000000000011ad       0x46 Core/Src/arm_common_tables.o
 .debug_macro   0x00000000000011f3       0x18 Core/Src/arm_common_tables.o
 .debug_macro   0x000000000000120b       0x3c Core/Src/arm_common_tables.o
 .debug_macro   0x0000000000001247       0x34 Core/Src/arm_common_tables.o
 .debug_macro   0x000000000000127b      0x174 Core/Src/arm_common_tables.o
 .debug_macro   0x00000000000013ef       0x52 Core/Src/arm_common_tables.o
 .debug_macro   0x0000000000001441       0x1f Core/Src/arm_common_tables.o
 .debug_macro   0x0000000000001460       0x43 Core/Src/arm_common_tables.o
 .debug_macro   0x00000000000014a3       0x20 Core/Src/arm_common_tables.o
 .debug_macro   0x00000000000014c3      0x1a3 Core/Src/arm_common_tables.o
 .debug_macro   0x0000000000001666      0x32a Core/Src/arm_common_tables.o
 .debug_macro   0x0000000000001990       0x10 Core/Src/arm_common_tables.o
 .debug_macro   0x00000000000019a0       0x35 Core/Src/arm_common_tables.o
 .debug_macro   0x00000000000019d5       0x20 Core/Src/arm_common_tables.o
 .debug_macro   0x00000000000019f5      0x1e1 Core/Src/arm_common_tables.o
 .debug_macro   0x0000000000001bd6       0xd6 Core/Src/arm_common_tables.o
 .debug_macro   0x0000000000001cac       0x76 Core/Src/arm_common_tables.o
 .debug_macro   0x0000000000001d22      0x191 Core/Src/arm_sin_q15.o
 .debug_macro   0x0000000000001eb3      0x231 Core/Src/main.o
 .debug_macro   0x00000000000020e4       0x2e Core/Src/main.o
 .debug_macro   0x0000000000002112       0x28 Core/Src/main.o
 .debug_macro   0x000000000000213a      0xf07 Core/Src/main.o
 .debug_macro   0x0000000000003041    0x10bd9 Core/Src/main.o
 .debug_macro   0x0000000000013c1a       0x43 Core/Src/main.o
 .debug_macro   0x0000000000013c5d      0x229 Core/Src/main.o
 .debug_macro   0x0000000000013e86      0x287 Core/Src/main.o
 .debug_macro   0x000000000001410d      0x4c2 Core/Src/main.o
 .debug_macro   0x00000000000145cf       0xe1 Core/Src/main.o
 .debug_macro   0x00000000000146b0      0x29f Core/Src/main.o
 .debug_macro   0x000000000001494f       0xfe Core/Src/main.o
 .debug_macro   0x0000000000014a4d       0x28 Core/Src/main.o
 .debug_macro   0x0000000000014a75       0x30 Core/Src/main.o
 .debug_macro   0x0000000000014aa5       0xa8 Core/Src/main.o
 .debug_macro   0x0000000000014b4d      0x803 Core/Src/main.o
 .debug_macro   0x0000000000015350      0x2f7 Core/Src/main.o
 .debug_macro   0x0000000000015647      0x142 Core/Src/main.o
 .debug_macro   0x0000000000015789       0x70 Core/Src/main.o
 .debug_macro   0x00000000000157f9      0x23b Core/Src/stm32f3xx_it.o
 .debug_macro   0x0000000000015a34       0xc3 Core/Src/system_stm32f3xx.o
 .debug_macro   0x0000000000015af7       0xfc Drivers/STM32F3xx_HAL_Driver/Src/stm32f3xx_ll_dac.o
 .debug_macro   0x0000000000015bf3       0xff Drivers/STM32F3xx_HAL_Driver/Src/stm32f3xx_ll_gpio.o
 .debug_macro   0x0000000000015cf2      0x13c Drivers/STM32F3xx_HAL_Driver/Src/stm32f3xx_ll_gpio.o
 .debug_macro   0x0000000000015e2e       0xf1 Drivers/STM32F3xx_HAL_Driver/Src/stm32f3xx_ll_rcc.o
 .debug_macro   0x0000000000015f1f      0x4bc Drivers/STM32F3xx_HAL_Driver/Src/stm32f3xx_ll_rcc.o
 .debug_macro   0x00000000000163db      0x169 Drivers/STM32F3xx_HAL_Driver/Src/stm32f3xx_ll_tim.o
 .debug_macro   0x0000000000016544      0x7fd Drivers/STM32F3xx_HAL_Driver/Src/stm32f3xx_ll_tim.o
 .debug_macro   0x0000000000016d41      0x132 Drivers/STM32F3xx_HAL_Driver/Src/stm32f3xx_ll_usart.o
 .debug_macro   0x0000000000016e73      0x2f1 Drivers/STM32F3xx_HAL_Driver/Src/stm32f3xx_ll_usart.o
 .debug_macro   0x0000000000017164      0x13b Drivers/STM32F3xx_HAL_Driver/Src/stm32f3xx_ll_utils.o

.debug_line     0x0000000000000000     0x4d19
 .debug_line    0x0000000000000000      0x54a Core/Src/arm_common_tables.o
 .debug_line    0x000000000000054a      0x55b Core/Src/arm_sin_q15.o
 .debug_line    0x0000000000000aa5      0xc51 Core/Src/main.o
 .debug_line    0x00000000000016f6      0x870 Core/Src/stm32f3xx_it.o
 .debug_line    0x0000000000001f66      0x456 Core/Src/system_stm32f3xx.o
 .debug_line    0x00000000000023bc       0x85 Core/Startup/startup_stm32f303k8tx.o
 .debug_line    0x0000000000002441      0x50f Drivers/STM32F3xx_HAL_Driver/Src/stm32f3xx_ll_dac.o
 .debug_line    0x0000000000002950      0x645 Drivers/STM32F3xx_HAL_Driver/Src/stm32f3xx_ll_gpio.o
 .debug_line    0x0000000000002f95      0x719 Drivers/STM32F3xx_HAL_Driver/Src/stm32f3xx_ll_rcc.o
 .debug_line    0x00000000000036ae      0x935 Drivers/STM32F3xx_HAL_Driver/Src/stm32f3xx_ll_tim.o
 .debug_line    0x0000000000003fe3      0x5fe Drivers/STM32F3xx_HAL_Driver/Src/stm32f3xx_ll_usart.o
 .debug_line    0x00000000000045e1      0x738 Drivers/STM32F3xx_HAL_Driver/Src/stm32f3xx_ll_utils.o

.debug_str      0x0000000000000000    0x7bd3d
 .debug_str     0x0000000000000000     0x8df5 Core/Src/arm_common_tables.o
                                       0x90d4 (size before relaxing)
 .debug_str     0x0000000000008df5       0x44 Core/Src/arm_sin_q15.o
                                       0x9101 (size before relaxing)
 .debug_str     0x0000000000008e39    0x6e53d Core/Src/main.o
                                      0x76ea3 (size before relaxing)
 .debug_str     0x0000000000077376      0x17f Core/Src/stm32f3xx_it.o
                                      0x762b4 (size before relaxing)
 .debug_str     0x00000000000774f5       0x73 Core/Src/system_stm32f3xx.o
                                      0x65233 (size before relaxing)
 .debug_str     0x0000000000077568       0x36 Core/Startup/startup_stm32f303k8tx.o
                                         0x74 (size before relaxing)
 .debug_str     0x000000000007759e      0xbf0 Drivers/STM32F3xx_HAL_Driver/Src/stm32f3xx_ll_dac.o
                                      0x67779 (size before relaxing)
 .debug_str     0x000000000007818e      0x626 Drivers/STM32F3xx_HAL_Driver/Src/stm32f3xx_ll_gpio.o
                                      0x66582 (size before relaxing)
 .debug_str     0x00000000000787b4      0x4d1 Drivers/STM32F3xx_HAL_Driver/Src/stm32f3xx_ll_rcc.o
                                      0x679d4 (size before relaxing)
 .debug_str     0x0000000000078c85     0x1c04 Drivers/STM32F3xx_HAL_Driver/Src/stm32f3xx_ll_tim.o
                                      0x6b4d2 (size before relaxing)
 .debug_str     0x000000000007a889      0x849 Drivers/STM32F3xx_HAL_Driver/Src/stm32f3xx_ll_usart.o
                                      0x694e9 (size before relaxing)
 .debug_str     0x000000000007b0d2      0xc6b Drivers/STM32F3xx_HAL_Driver/Src/stm32f3xx_ll_utils.o
                                      0x6a244 (size before relaxing)

.comment        0x0000000000000000       0x7b
 .comment       0x0000000000000000       0x7b Core/Src/arm_common_tables.o
                                         0x7c (size before relaxing)
 .comment       0x000000000000007b       0x7c Core/Src/arm_sin_q15.o
 .comment       0x000000000000007b       0x7c Core/Src/main.o
 .comment       0x000000000000007b       0x7c Core/Src/stm32f3xx_it.o
 .comment       0x000000000000007b       0x7c Core/Src/system_stm32f3xx.o
 .comment       0x000000000000007b       0x7c Drivers/STM32F3xx_HAL_Driver/Src/stm32f3xx_ll_dac.o
 .comment       0x000000000000007b       0x7c Drivers/STM32F3xx_HAL_Driver/Src/stm32f3xx_ll_gpio.o
 .comment       0x000000000000007b       0x7c Drivers/STM32F3xx_HAL_Driver/Src/stm32f3xx_ll_rcc.o
 .comment       0x000000000000007b       0x7c Drivers/STM32F3xx_HAL_Driver/Src/stm32f3xx_ll_tim.o
 .comment       0x000000000000007b       0x7c Drivers/STM32F3xx_HAL_Driver/Src/stm32f3xx_ll_usart.o
 .comment       0x000000000000007b       0x7c Drivers/STM32F3xx_HAL_Driver/Src/stm32f3xx_ll_utils.o

.debug_ranges   0x0000000000000000      0x6d8
 .debug_ranges  0x0000000000000000       0x10 Core/Src/arm_sin_q15.o
 .debug_ranges  0x0000000000000010      0x1e8 Core/Src/main.o
 .debug_ranges  0x00000000000001f8       0x90 Core/Src/stm32f3xx_it.o
 .debug_ranges  0x0000000000000288       0x18 Core/Src/system_stm32f3xx.o
 .debug_ranges  0x00000000000002a0       0x20 Core/Startup/startup_stm32f303k8tx.o
 .debug_ranges  0x00000000000002c0       0x38 Drivers/STM32F3xx_HAL_Driver/Src/stm32f3xx_ll_dac.o
 .debug_ranges  0x00000000000002f8       0x60 Drivers/STM32F3xx_HAL_Driver/Src/stm32f3xx_ll_gpio.o
 .debug_ranges  0x0000000000000358       0xf0 Drivers/STM32F3xx_HAL_Driver/Src/stm32f3xx_ll_rcc.o
 .debug_ranges  0x0000000000000448      0x138 Drivers/STM32F3xx_HAL_Driver/Src/stm32f3xx_ll_tim.o
 .debug_ranges  0x0000000000000580       0x78 Drivers/STM32F3xx_HAL_Driver/Src/stm32f3xx_ll_usart.o
 .debug_ranges  0x00000000000005f8       0xe0 Drivers/STM32F3xx_HAL_Driver/Src/stm32f3xx_ll_utils.o

.debug_frame    0x0000000000000000     0x1ea8
 .debug_frame   0x0000000000000000       0x38 Core/Src/arm_sin_q15.o
 .debug_frame   0x0000000000000038      0x900 Core/Src/main.o
 .debug_frame   0x0000000000000938      0x24c Core/Src/stm32f3xx_it.o
 .debug_frame   0x0000000000000b84       0x58 Core/Src/system_stm32f3xx.o
 .debug_frame   0x0000000000000bdc       0xf8 Drivers/STM32F3xx_HAL_Driver/Src/stm32f3xx_ll_dac.o
 .debug_frame   0x0000000000000cd4      0x1c0 Drivers/STM32F3xx_HAL_Driver/Src/stm32f3xx_ll_gpio.o
 .debug_frame   0x0000000000000e94      0x408 Drivers/STM32F3xx_HAL_Driver/Src/stm32f3xx_ll_rcc.o
 .debug_frame   0x000000000000129c      0x5d0 Drivers/STM32F3xx_HAL_Driver/Src/stm32f3xx_ll_tim.o
 .debug_frame   0x000000000000186c      0x234 Drivers/STM32F3xx_HAL_Driver/Src/stm32f3xx_ll_usart.o
 .debug_frame   0x0000000000001aa0      0x3dc Drivers/STM32F3xx_HAL_Driver/Src/stm32f3xx_ll_utils.o
 .debug_frame   0x0000000000001e7c       0x2c /opt/st/stm32cubeide_1.1.0/plugins/com.st.stm32cube.ide.mcu.externaltools.gnu-tools-for-stm32.7-2018-q2-update.linux64_1.0.0.201904181610/tools/bin/../lib/gcc/arm-none-eabi/7.3.1/../../../../arm-none-eabi/lib/thumb/v7e-m/fpv4-sp/hard/libc_nano.a(lib_a-init.o)
