stm32f3xx_ll_rcc.h:1024:22:LL_RCC_HSE_EnableBypass	4	static
stm32f3xx_ll_rcc.h:1034:22:LL_RCC_HSE_DisableBypass	4	static
stm32f3xx_ll_rcc.h:1044:22:LL_RCC_HSE_Enable	4	static
stm32f3xx_ll_rcc.h:1064:26:LL_RCC_HSE_IsReady	4	static
stm32f3xx_ll_rcc.h:1082:22:LL_RCC_HSI_Enable	4	static
stm32f3xx_ll_rcc.h:1102:26:LL_RCC_HSI_IsReady	4	static
stm32f3xx_ll_rcc.h:1286:22:LL_RCC_SetSysClkSource	16	static
stm32f3xx_ll_rcc.h:1299:26:LL_RCC_GetSysClkSource	4	static
stm32f3xx_ll_rcc.h:1319:22:LL_RCC_SetAHBPrescaler	16	static
stm32f3xx_ll_rcc.h:1335:22:LL_RCC_SetAPB1Prescaler	16	static
stm32f3xx_ll_rcc.h:1351:22:LL_RCC_SetAPB2Prescaler	16	static
stm32f3xx_ll_rcc.h:1370:26:LL_RCC_GetAHBPrescaler	4	static
stm32f3xx_ll_rcc.h:2170:22:LL_RCC_PLL_Enable	4	static
stm32f3xx_ll_rcc.h:2191:26:LL_RCC_PLL_IsReady	4	static
stm32f3xx_ll_rcc.h:2289:22:LL_RCC_PLL_ConfigDomain_SYS	16	static
stm32f3xx_ll_utils.h:231:22:LL_InitTick	16	static
stm32f3xx_ll_system.h:1618:22:LL_FLASH_SetLatency	16	static
stm32f3xx_ll_system.h:1631:26:LL_FLASH_GetLatency	4	static
stm32f3xx_ll_utils.c:151:6:LL_Init1msTick	16	static
stm32f3xx_ll_utils.c:167:6:LL_mDelay	24	static
stm32f3xx_ll_utils.c:225:6:LL_SetSystemCoreClock	16	static
stm32f3xx_ll_utils.c:248:13:LL_PLL_ConfigSystemClock_HSI	24	static
stm32f3xx_ll_utils.c:317:13:LL_PLL_ConfigSystemClock_HSE	32	static
stm32f3xx_ll_utils.c:400:20:UTILS_SetFlashLatency	24	static
stm32f3xx_ll_utils.c:448:17:UTILS_GetPLLOutputFrequency	32	static,ignoring_inline_asm
stm32f3xx_ll_utils.c:474:20:UTILS_PLL_IsBusy	16	static
stm32f3xx_ll_utils.c:497:20:UTILS_EnablePLLAndSwitchSystem	40	static,ignoring_inline_asm
