stm32f3xx_ll_rcc.h:1034:22:LL_RCC_HSE_DisableBypass	4	static
stm32f3xx_ll_rcc.h:1082:22:LL_RCC_HSI_Enable	4	static
stm32f3xx_ll_rcc.h:1102:26:LL_RCC_HSI_IsReady	4	static
stm32f3xx_ll_rcc.h:1128:22:LL_RCC_HSI_SetCalibTrimming	16	static
stm32f3xx_ll_rcc.h:1226:26:LL_RCC_LSE_IsReady	4	static
stm32f3xx_ll_rcc.h:1299:26:LL_RCC_GetSysClkSource	4	static
stm32f3xx_ll_rcc.h:1370:26:LL_RCC_GetAHBPrescaler	4	static
stm32f3xx_ll_rcc.h:1385:26:LL_RCC_GetAPB1Prescaler	4	static
stm32f3xx_ll_rcc.h:1400:26:LL_RCC_GetAPB2Prescaler	4	static
stm32f3xx_ll_rcc.h:1777:26:LL_RCC_GetUSARTClockSource	16	static
stm32f3xx_ll_rcc.h:1827:26:LL_RCC_GetI2CClockSource	16	static
stm32f3xx_ll_rcc.h:1890:26:LL_RCC_GetTIMClockSource	16	static
stm32f3xx_ll_rcc.h:2027:26:LL_RCC_GetADCClockSource	16	static
stm32f3xx_ll_rcc.h:2191:26:LL_RCC_PLL_IsReady	4	static
stm32f3xx_ll_rcc.h:2325:26:LL_RCC_PLL_GetMainSource	4	static
stm32f3xx_ll_rcc.h:2350:26:LL_RCC_PLL_GetMultiplicator	4	static
stm32f3xx_ll_rcc.h:2377:26:LL_RCC_PLL_GetPrediv	4	static
stm32f3xx_ll_rcc.h:2609:22:LL_RCC_ClearResetFlags	4	static
stm32f3xx_ll_rcc.c:224:13:LL_RCC_DeInit	16	static
stm32f3xx_ll_rcc.c:322:6:LL_RCC_GetSystemClocksFreq	16	static
stm32f3xx_ll_rcc.c:348:10:LL_RCC_GetUSARTClockFreq	24	static
stm32f3xx_ll_rcc.c:554:10:LL_RCC_GetI2CClockFreq	24	static
stm32f3xx_ll_rcc.c:706:10:LL_RCC_GetADCClockFreq	32	static,ignoring_inline_asm
stm32f3xx_ll_rcc.c:819:10:LL_RCC_GetTIMClockFreq	24	static
stm32f3xx_ll_rcc.c:1010:10:RCC_GetSystemClockFreq	16	static
stm32f3xx_ll_rcc.c:1042:10:RCC_GetHCLKClockFreq	16	static
stm32f3xx_ll_rcc.c:1053:10:RCC_GetPCLK1ClockFreq	16	static
stm32f3xx_ll_rcc.c:1064:10:RCC_GetPCLK2ClockFreq	16	static
stm32f3xx_ll_rcc.c:1074:10:RCC_PLL_GetFreqDomain_SYS	32	static,ignoring_inline_asm
