core_cm4.h:1657:22:__NVIC_SetPriorityGrouping	24	static
core_cm4.h:1676:26:__NVIC_GetPriorityGrouping	4	static
core_cm4.h:1688:22:__NVIC_EnableIRQ	16	static
core_cm4.h:1816:22:__NVIC_SetPriority	16	static
core_cm4.h:1863:26:NVIC_EncodePriority	40	static
stm32f3xx_ll_dac.h:926:22:LL_DAC_EnableDMAReq	16	static
stm32f3xx_ll_dac.h:1008:26:LL_DAC_DMA_GetRegAddr	32	static,ignoring_inline_asm
stm32f3xx_ll_dac.h:1038:22:LL_DAC_Enable	16	static
stm32f3xx_ll_dac.h:1105:22:LL_DAC_EnableTrigger	16	static
stm32f3xx_ll_dma.h:490:22:LL_DMA_EnableChannel	16	static
stm32f3xx_ll_dma.h:589:22:LL_DMA_SetDataTransferDirection	24	static
stm32f3xx_ll_dma.h:638:22:LL_DMA_SetMode	24	static
stm32f3xx_ll_dma.h:683:22:LL_DMA_SetPeriphIncMode	24	static
stm32f3xx_ll_dma.h:728:22:LL_DMA_SetMemoryIncMode	24	static
stm32f3xx_ll_dma.h:774:22:LL_DMA_SetPeriphSize	24	static
stm32f3xx_ll_dma.h:821:22:LL_DMA_SetMemorySize	24	static
stm32f3xx_ll_dma.h:869:22:LL_DMA_SetChannelPriorityLevel	24	static
stm32f3xx_ll_dma.h:916:22:LL_DMA_SetDataLength	24	static
stm32f3xx_ll_dma.h:967:22:LL_DMA_ConfigAddresses	24	static
stm32f3xx_ll_rcc.h:1082:22:LL_RCC_HSI_Enable	4	static
stm32f3xx_ll_rcc.h:1102:26:LL_RCC_HSI_IsReady	4	static
stm32f3xx_ll_rcc.h:1128:22:LL_RCC_HSI_SetCalibTrimming	16	static
stm32f3xx_ll_rcc.h:1286:22:LL_RCC_SetSysClkSource	16	static
stm32f3xx_ll_rcc.h:1299:26:LL_RCC_GetSysClkSource	4	static
stm32f3xx_ll_rcc.h:1319:22:LL_RCC_SetAHBPrescaler	16	static
stm32f3xx_ll_rcc.h:1335:22:LL_RCC_SetAPB1Prescaler	16	static
stm32f3xx_ll_rcc.h:1351:22:LL_RCC_SetAPB2Prescaler	16	static
stm32f3xx_ll_rcc.h:2170:22:LL_RCC_PLL_Enable	4	static
stm32f3xx_ll_rcc.h:2191:26:LL_RCC_PLL_IsReady	4	static
stm32f3xx_ll_rcc.h:2289:22:LL_RCC_PLL_ConfigDomain_SYS	16	static
stm32f3xx_ll_bus.h:287:22:LL_AHB1_GRP1_EnableClock	24	static
stm32f3xx_ll_bus.h:537:22:LL_APB1_GRP1_EnableClock	24	static
stm32f3xx_ll_bus.h:851:22:LL_APB2_GRP1_EnableClock	24	static
stm32f3xx_ll_system.h:605:22:LL_SYSCFG_SetRemapDMA_DAC	16	static
stm32f3xx_ll_system.h:1618:22:LL_FLASH_SetLatency	16	static
stm32f3xx_ll_system.h:1631:26:LL_FLASH_GetLatency	4	static
stm32f3xx_ll_cortex.h:244:22:LL_SYSTICK_SetClkSource	16	static
stm32f3xx_ll_tim.h:1352:22:LL_TIM_EnableCounter	16	static
stm32f3xx_ll_tim.h:1523:22:LL_TIM_EnableARRPreload	16	static
stm32f3xx_ll_tim.h:3331:22:LL_TIM_SetTriggerOutput	16	static
stm32f3xx_ll_tim.h:3431:22:LL_TIM_DisableMasterSlaveMode	16	static
stm32f3xx_ll_usart.h:522:22:LL_USART_Enable	16	static
stm32f3xx_ll_usart.h:2245:22:LL_USART_ConfigAsyncMode	16	static
stm32f3xx_ll_usart.h:3180:22:LL_USART_DisableIT_CTS	16	static
main.c:72:5:main	8	static
main.c:127:6:SystemClock_Config	8	static
main.c:171:13:MX_DAC1_Init	64	static
main.c:242:13:MX_TIM6_Init	32	static
main.c:275:13:MX_USART2_UART_Init	64	static
main.c:325:13:MX_DMA_Init	8	static
main.c:344:13:MX_GPIO_Init	8	static
main.c:361:6:Error_Handler	4	static
